<html>
<body>
<pre>
<h1>µVision Build Log</h1>
<h2>Tool Versions:</h2>
IDE-Version: ¶ÃVision V5.27.1.0
Copyright (C) 2019 ARM Ltd and ARM Germany GmbH. All rights reserved.
License Information: qi admin, friday, LIC=2TTRA-1LULE-RFFIZ-JXPI3-NI0FS-X05YB
 
Tool Versions:
Toolchain:       MDK-ARM Professional  Version: 5.25.2.0
Toolchain Path:  C:\Keil_v5\ARM\ARMCC\Bin
C Compiler:      Armcc.exe V5.06 update 6 (build 750)
Assembler:       Armasm.exe V5.06 update 6 (build 750)
Linker/Locator:  ArmLink.exe V5.06 update 6 (build 750)
Library Manager: ArmAr.exe V5.06 update 6 (build 750)
Hex Converter:   FromElf.exe V5.06 update 6 (build 750)
CPU DLL:         SARMCM3.DLL V5.25.2.0
Dialog DLL:      DARMSTM.DLL V1.68.0.0
Target DLL:      CMSIS_AGDI.dll V1.29.10.0
Dialog DLL:      TARMSTM.DLL V1.66.0.0
 
<h2>Project:</h2>
C:\Users\admin\Documents\…Ëº∆\W7500P\sources\NTP\MDK5\app.uvproj
Project File Date:  10/17/2019

<h2>Output:</h2>
*** Using Compiler 'V5.06 update 6 (build 750)', folder: 'C:\Keil_v5\ARM\ARMCC\Bin'
Build target 'Target 1'
compiling retarget.c...
compiling W7500x_crg.c...
compiling ip_config.c...
compiling W7500x_it.c...
compiling time_delay.c...
compiling main.c...
compiling bsp_uart.c...
assembling startup_W7500x.s...
compiling W7500x_wztoe.c...
compiling W7500x_uart.c...
compiling system_W7500x.c...
compiling W7500x_gpio.c...
compiling wizchip_conf.c...
compiling socket.c...
compiling W7500x_miim.c...
..\ioLibary\MDIO\W7500x_miim.c(224): warning:  #111-D: statement is unreachable
      return 0;   
..\ioLibary\MDIO\W7500x_miim.c: 1 warning, 0 errors
compiling ntp.c...
linking...
Program Size: Code=14150 RO-data=258 RW-data=108 ZI-data=4404  
FromELF: creating hex file...
After Build - User command #1: C:\Keil_v5\\ARM\ARMCC\BIN\fromelf.exe ..\output\app.axf --vhx --8x1 --output main.hex;fromelf --bin -o "..\output\app.bin" "..\output\app.axf"
"..\output\app.axf" - 0 Error(s), 1 Warning(s).
Build Time Elapsed:  00:00:01
</pre>
</body>
</html>
