Component: ARM Compiler 5.06 update 6 (build 750) Tool: armlink [4d35ed]

==============================================================================

Section Cross References

    main.o(.text) refers to system_w7500x.o(.text) for SystemInit
    main.o(.text) refers to time_delay.o(.text) for delay_init
    main.o(.text) refers to w7500x_uart.o(.text) for S_UART_Init
    main.o(.text) refers to ip_config.o(.text) for phy_init
    main.o(.text) refers to noretval__2printf.o(.text) for __2printf
    main.o(.text) refers to ntp.o(.text) for ntpclient_init
    retarget.o(.rev16_text) refers (Special) to use_no_semi.o(.text) for __use_no_semihosting_swi
    retarget.o(.revsh_text) refers (Special) to use_no_semi.o(.text) for __use_no_semihosting_swi
    retarget.o(.text) refers (Special) to use_no_semi.o(.text) for __use_no_semihosting_swi
    retarget.o(.text) refers to w7500x_uart.o(.text) for S_UartPutc
    retarget.o(.data) refers (Special) to use_no_semi.o(.text) for __use_no_semihosting_swi
    bsp_uart.o(.text) refers to w7500x_uart.o(.text) for UART_Init
    ip_config.o(.text) refers to _printf_percent.o(.ARM.Collect$$_printf_percent$$00000000) for _printf_percent
    ip_config.o(.text) refers to _printf_x.o(.ARM.Collect$$_printf_percent$$0000000C) for _printf_x
    ip_config.o(.text) refers to _printf_hex_int.o(.text) for _printf_longlong_hex
    ip_config.o(.text) refers to _printf_d.o(.ARM.Collect$$_printf_percent$$00000009) for _printf_d
    ip_config.o(.text) refers to _printf_dec.o(.text) for _printf_int_dec
    ip_config.o(.text) refers to w7500x_wztoe.o(.text) for WIZCHIP_WRITE
    ip_config.o(.text) refers to noretval__2printf.o(.text) for __2printf
    ip_config.o(.text) refers to system_w7500x.o(.text) for GetSystemClock
    ip_config.o(.text) refers to w7500x_miim.o(.text) for mdio_init
    ip_config.o(.text) refers to time_delay.o(.text) for delay_ms
    ip_config.o(.text) refers to ip_config.o(.data) for mac
    time_delay.o(.text) refers to system_w7500x.o(.text) for GetSystemClock
    time_delay.o(.text) refers to time_delay.o(.data) for TimingDelay
    w7500x_it.o(.text) refers to time_delay.o(.text) for TimingDelay_Decrement
    w7500x_uart.o(.text) refers to fflt_clz.o(x$fpl$ffltu) for __aeabi_ui2f
    w7500x_uart.o(.text) refers to fdiv.o(x$fpl$fdiv) for __aeabi_fdiv
    w7500x_uart.o(.text) refers to ffixu.o(x$fpl$ffixu) for __aeabi_f2uiz
    w7500x_uart.o(.text) refers to faddsub_clz.o(x$fpl$frsb) for __aeabi_frsub
    w7500x_uart.o(.text) refers to fmul.o(x$fpl$fmul) for __aeabi_fmul
    w7500x_uart.o(.text) refers to f2d.o(x$fpl$f2d) for __aeabi_f2d
    w7500x_uart.o(.text) refers to daddsub_clz.o(x$fpl$dadd) for __aeabi_dadd
    w7500x_uart.o(.text) refers to dfixu.o(x$fpl$dfixu) for __aeabi_d2uiz
    w7500x_uart.o(.text) refers to system_w7500x.o(.text) for GetSystemClock
    system_w7500x.o(.text) refers to system_w7500x.o(.data) for SystemFrequency
    startup_w7500x.o(STACK) refers (Special) to heapauxi.o(.text) for __use_two_region_memory
    startup_w7500x.o(HEAP) refers (Special) to heapauxi.o(.text) for __use_two_region_memory
    startup_w7500x.o(RESET) refers (Special) to heapauxi.o(.text) for __use_two_region_memory
    startup_w7500x.o(RESET) refers to startup_w7500x.o(STACK) for __initial_sp
    startup_w7500x.o(RESET) refers to startup_w7500x.o(.text) for Reset_Handler
    startup_w7500x.o(RESET) refers to w7500x_it.o(.text) for NMI_Handler
    startup_w7500x.o(.text) refers (Special) to heapauxi.o(.text) for __use_two_region_memory
    startup_w7500x.o(.text) refers to system_w7500x.o(.text) for SystemInit
    startup_w7500x.o(.text) refers to __main.o(!!!main) for __main
    startup_w7500x.o(.text) refers to startup_w7500x.o(HEAP) for Heap_Mem
    startup_w7500x.o(.text) refers to startup_w7500x.o(STACK) for Stack_Mem
    socket.o(.text) refers to w7500x_wztoe.o(.text) for WIZCHIP_WRITE
    socket.o(.text) refers to socket.o(.data) for sock_is_sending
    socket.o(.text) refers to socket.o(.bss) for sock_remained_size
    wizchip_conf.o(.text) refers to w7500x_wztoe.o(.text) for WIZCHIP_READ
    wizchip_conf.o(.text) refers to wizchip_conf.o(.data) for WIZCHIP
    wizchip_conf.o(.data) refers to wizchip_conf.o(.text) for wizchip_cris_enter
    w7500x_miim.o(.text) refers to w7500x_gpio.o(.text) for GPIO_SetBits
    w7500x_miim.o(.text) refers to time_delay.o(.text) for delay_ms
    w7500x_miim.o(.text) refers to noretval__2printf.o(.text) for __2printf
    w7500x_miim.o(.text) refers to w7500x_miim.o(.data) for PHY_ADDR
    ntp.o(.text) refers to _printf_percent.o(.ARM.Collect$$_printf_percent$$00000000) for _printf_percent
    ntp.o(.text) refers to _printf_d.o(.ARM.Collect$$_printf_percent$$00000009) for _printf_d
    ntp.o(.text) refers to _printf_dec.o(.text) for _printf_int_dec
    ntp.o(.text) refers to _printf_pad.o(.text) for _printf_pre_padding
    ntp.o(.text) refers to lludivv7m.o(.text) for __aeabi_uldivmod
[...]
    _printf_percent.o(.ARM.Collect$$_printf_percent$$00000000) refers (Special) to _printf_percent_end.o(.ARM.Collect$$_printf_percent$$00000017) for _printf_percent_end
    __main.o(!!!main) refers to __rtentry.o(.ARM.Collect$$rtentry$$00000000) for __rt_entry
    daddsub_clz.o(x$fpl$dadd) refers (Special) to usenofp.o(x$fpl$usenofp) for __I$use$fp
    daddsub_clz.o(x$fpl$dadd) refers to daddsub_clz.o(x$fpl$dsub) for _dsub1
    daddsub_clz.o(x$fpl$dadd) refers to dretinf.o(x$fpl$dretinf) for __fpl_dretinf
    daddsub_clz.o(x$fpl$dadd) refers to dnaninf.o(x$fpl$dnaninf) for __fpl_dnaninf
    daddsub_clz.o(x$fpl$drsb) refers (Special) to usenofp.o(x$fpl$usenofp) for __I$use$fp
    daddsub_clz.o(x$fpl$drsb) refers to daddsub_clz.o(x$fpl$dadd) for _dadd1
    daddsub_clz.o(x$fpl$drsb) refers to daddsub_clz.o(x$fpl$dsub) for _dsub1
    daddsub_clz.o(x$fpl$dsub) refers (Special) to usenofp.o(x$fpl$usenofp) for __I$use$fp
    daddsub_clz.o(x$fpl$dsub) refers to daddsub_clz.o(x$fpl$dadd) for _dadd1
    daddsub_clz.o(x$fpl$dsub) refers to dnaninf.o(x$fpl$dnaninf) for __fpl_dnaninf
    dfixu.o(x$fpl$dfixu) refers (Special) to usenofp.o(x$fpl$usenofp) for __I$use$fp
    dfixu.o(x$fpl$dfixu) refers to dnaninf.o(x$fpl$dnaninf) for __fpl_dnaninf
    dfixu.o(x$fpl$dfixur) refers (Special) to usenofp.o(x$fpl$usenofp) for __I$use$fp
    dfixu.o(x$fpl$dfixur) refers to dnaninf.o(x$fpl$dnaninf) for __fpl_dnaninf
    f2d.o(x$fpl$f2d) refers (Special) to usenofp.o(x$fpl$usenofp) for __I$use$fp
    f2d.o(x$fpl$f2d) refers to fnaninf.o(x$fpl$fnaninf) for __fpl_fnaninf
    f2d.o(x$fpl$f2d) refers to dretinf.o(x$fpl$dretinf) for __fpl_dretinf
    faddsub_clz.o(x$fpl$fadd) refers (Special) to usenofp.o(x$fpl$usenofp) for __I$use$fp
    faddsub_clz.o(x$fpl$fadd) refers to faddsub_clz.o(x$fpl$fsub) for _fsub1
    faddsub_clz.o(x$fpl$fadd) refers to fretinf.o(x$fpl$fretinf) for __fpl_fretinf
    faddsub_clz.o(x$fpl$fadd) refers to fnaninf.o(x$fpl$fnaninf) for __fpl_fnaninf
    faddsub_clz.o(x$fpl$frsb) refers (Special) to usenofp.o(x$fpl$usenofp) for __I$use$fp
    faddsub_clz.o(x$fpl$frsb) refers to faddsub_clz.o(x$fpl$fadd) for _fadd1
    faddsub_clz.o(x$fpl$frsb) refers to faddsub_clz.o(x$fpl$fsub) for _fsub1
    faddsub_clz.o(x$fpl$fsub) refers (Special) to usenofp.o(x$fpl$usenofp) for __I$use$fp
    faddsub_clz.o(x$fpl$fsub) refers to faddsub_clz.o(x$fpl$fadd) for _fadd1
    faddsub_clz.o(x$fpl$fsub) refers to fnaninf.o(x$fpl$fnaninf) for __fpl_fnaninf
    fdiv.o(x$fpl$frdiv) refers (Special) to usenofp.o(x$fpl$usenofp) for __I$use$fp
    fdiv.o(x$fpl$frdiv) refers to fdiv.o(x$fpl$fdiv) for _fdiv1
    fdiv.o(x$fpl$fdiv) refers (Special) to usenofp.o(x$fpl$usenofp) for __I$use$fp
    fdiv.o(x$fpl$fdiv) refers to fretinf.o(x$fpl$fretinf) for __fpl_fretinf
    fdiv.o(x$fpl$fdiv) refers to fnaninf.o(x$fpl$fnaninf) for __fpl_fnaninf
    ffixu.o(x$fpl$ffixu) refers (Special) to usenofp.o(x$fpl$usenofp) for __I$use$fp
    ffixu.o(x$fpl$ffixu) refers to fnaninf.o(x$fpl$fnaninf) for __fpl_fnaninf
    ffixu.o(x$fpl$ffixur) refers (Special) to usenofp.o(x$fpl$usenofp) for __I$use$fp
    ffixu.o(x$fpl$ffixur) refers to fnaninf.o(x$fpl$fnaninf) for __fpl_fnaninf
    fflt_clz.o(x$fpl$ffltu) refers (Special) to usenofp.o(x$fpl$usenofp) for __I$use$fp
    fflt_clz.o(x$fpl$fflt) refers (Special) to usenofp.o(x$fpl$usenofp) for __I$use$fp
    fflt_clz.o(x$fpl$ffltn) refers (Special) to usenofp.o(x$fpl$usenofp) for __I$use$fp
    fmul.o(x$fpl$fmul) refers (Special) to usenofp.o(x$fpl$usenofp) for __I$use$fp
    fmul.o(x$fpl$fmul) refers to fretinf.o(x$fpl$fretinf) for __fpl_fretinf
    fmul.o(x$fpl$fmul) refers to fnaninf.o(x$fpl$fnaninf) for __fpl_fnaninf
    __rtentry.o(.ARM.Collect$$rtentry$$00000000) refers (Special) to __rtentry2.o(.ARM.Collect$$rtentry$$0000000A) for __rt_entry_li
    __rtentry.o(.ARM.Collect$$rtentry$$00000000) refers (Special) to __rtentry2.o(.ARM.Collect$$rtentry$$0000000D) for __rt_entry_main
    __rtentry.o(.ARM.Collect$$rtentry$$00000000) refers (Special) to __rtentry2.o(.ARM.Collect$$rtentry$$0000000C) for __rt_entry_postli_1
    __rtentry.o(.ARM.Collect$$rtentry$$00000000) refers (Special) to __rtentry2.o(.ARM.Collect$$rtentry$$00000009) for __rt_entry_postsh_1
    __rtentry.o(.ARM.Collect$$rtentry$$00000000) refers (Special) to __rtentry2.o(.ARM.Collect$$rtentry$$00000002) for __rt_entry_presh_1
    __rtentry.o(.ARM.Collect$$rtentry$$00000000) refers (Special) to __rtentry4.o(.ARM.Collect$$rtentry$$00000004) for __rt_entry_sh
    aeabi_ldiv0_sigfpe.o(.text) refers to rt_div0.o(.text) for __rt_div0
    _printf_intcommon.o(.text) refers (Weak) to _printf_pad.o(.text) for _printf_pre_padding
    _printf_intcommon.o(.text) refers (Weak) to _printf_pad.o(.text) for _printf_pre_padding
    _printf_intcommon.o(.text) refers (Weak) to _printf_pad.o(.text) for _printf_post_padding
    _printf_char_file.o(.text) refers to _printf_char_common.o(.text) for _printf_char_common
    _printf_char_file.o(.text) refers to retarget.o(.text) for ferror
    dnaninf.o(x$fpl$dnaninf) refers (Special) to usenofp.o(x$fpl$usenofp) for __I$use$fp
    dretinf.o(x$fpl$dretinf) refers (Special) to usenofp.o(x$fpl$usenofp) for __I$use$fp
    fnaninf.o(x$fpl$fnaninf) refers (Special) to usenofp.o(x$fpl$usenofp) for __I$use$fp
    fretinf.o(x$fpl$fretinf) refers (Special) to usenofp.o(x$fpl$usenofp) for __I$use$fp
    __rtentry2.o(.ARM.Collect$$rtentry$$00000008) refers to boardinit2.o(.text) for _platform_post_stackheap_init
    __rtentry2.o(.ARM.Collect$$rtentry$$0000000A) refers to libinit.o(.ARM.Collect$$libinit$$00000000) for __rt_lib_init
    __rtentry2.o(.ARM.Collect$$rtentry$$0000000B) refers to boardinit3.o(.text) for _platform_post_lib_init
    __rtentry2.o(.ARM.Collect$$rtentry$$0000000D) refers to main.o(.text) for main
    __rtentry2.o(.ARM.Collect$$rtentry$$0000000D) refers to exit.o(.text) for exit
    __rtentry2.o(.ARM.exidx) refers to __rtentry2.o(.ARM.Collect$$rtentry$$00000001) for .ARM.Collect$$rtentry$$00000001
    __rtentry2.o(.ARM.exidx) refers to __rtentry2.o(.ARM.Collect$$rtentry$$00000008) for .ARM.Collect$$rtentry$$00000008
    __rtentry2.o(.ARM.exidx) refers to __rtentry2.o(.ARM.Collect$$rtentry$$0000000A) for .ARM.Collect$$rtentry$$0000000A
    __rtentry2.o(.ARM.exidx) refers to __rtentry2.o(.ARM.Collect$$rtentry$$0000000B) for .ARM.Collect$$rtentry$$0000000B
    __rtentry2.o(.ARM.exidx) refers to __rtentry2.o(.ARM.Collect$$rtentry$$0000000D) for .ARM.Collect$$rtentry$$0000000D
    __rtentry4.o(.ARM.Collect$$rtentry$$00000004) refers to sys_stackheap_outer.o(.text) for __user_setup_stackheap
    __rtentry4.o(.ARM.exidx) refers to __rtentry4.o(.ARM.Collect$$rtentry$$00000004) for .ARM.Collect$$rtentry$$00000004
    rt_div0.o(.text) refers to defsig_fpe_outer.o(.text) for __rt_SIGFPE
    _printf_char_common.o(.text) refers to __printf_flags_wp.o(.text) for __printf
    sys_stackheap_outer.o(.text) refers to libspace.o(.text) for __user_perproc_libspace
    sys_stackheap_outer.o(.text) refers to startup_w7500x.o(.text) for __user_initial_stackheap
    exit.o(.text) refers to rtexit.o(.ARM.Collect$$rtexit$$00000000) for __rt_exit
    defsig_fpe_outer.o(.text) refers to defsig_fpe_inner.o(.text) for __rt_SIGFPE_inner
    defsig_fpe_outer.o(.text) refers to defsig_exit.o(.text) for __sig_exit
    defsig_fpe_formal.o(.text) refers to rt_raise.o(.text) for __rt_raise
    libinit.o(.ARM.Collect$$libinit$$00000000) refers (Special) to libinit2.o(.ARM.Collect$$libinit$$0000002E) for __rt_lib_init_alloca_1
    libinit.o(.ARM.Collect$$libinit$$00000000) refers (Special) to libinit2.o(.ARM.Collect$$libinit$$0000002C) for __rt_lib_init_argv_1
    libinit.o(.ARM.Collect$$libinit$$00000000) refers (Special) to libinit2.o(.ARM.Collect$$libinit$$0000001B) for __rt_lib_init_atexit_1
    libinit.o(.ARM.Collect$$libinit$$00000000) refers (Special) to libinit2.o(.ARM.Collect$$libinit$$00000021) for __rt_lib_init_clock_1
    libinit.o(.ARM.Collect$$libinit$$00000000) refers (Special) to libinit2.o(.ARM.Collect$$libinit$$00000032) for __rt_lib_init_cpp_1
    libinit.o(.ARM.Collect$$libinit$$00000000) refers (Special) to libinit2.o(.ARM.Collect$$libinit$$00000030) for __rt_lib_init_exceptions_1
    libinit.o(.ARM.Collect$$libinit$$00000000) refers (Special) to libinit2.o(.ARM.Collect$$libinit$$00000002) for __rt_lib_init_fp_1
    libinit.o(.ARM.Collect$$libinit$$00000000) refers (Special) to libinit2.o(.ARM.Collect$$libinit$$0000001F) for __rt_lib_init_fp_trap_1
    libinit.o(.ARM.Collect$$libinit$$00000000) refers (Special) to libinit2.o(.ARM.Collect$$libinit$$00000023) for __rt_lib_init_getenv_1
    libinit.o(.ARM.Collect$$libinit$$00000000) refers (Special) to libinit2.o(.ARM.Collect$$libinit$$0000000A) for __rt_lib_init_heap_1
    libinit.o(.ARM.Collect$$libinit$$00000000) refers (Special) to libinit2.o(.ARM.Collect$$libinit$$00000011) for __rt_lib_init_lc_collate_1
    libinit.o(.ARM.Collect$$libinit$$00000000) refers (Special) to libinit2.o(.ARM.Collect$$libinit$$00000013) for __rt_lib_init_lc_ctype_1
    libinit.o(.ARM.Collect$$libinit$$00000000) refers (Special) to libinit2.o(.ARM.Collect$$libinit$$00000015) for __rt_lib_init_lc_monetary_1
    libinit.o(.ARM.Collect$$libinit$$00000000) refers (Special) to libinit2.o(.ARM.Collect$$libinit$$00000017) for __rt_lib_init_lc_numeric_1
    libinit.o(.ARM.Collect$$libinit$$00000000) refers (Special) to libinit2.o(.ARM.Collect$$libinit$$00000019) for __rt_lib_init_lc_time_1
    libinit.o(.ARM.Collect$$libinit$$00000000) refers (Special) to libinit2.o(.ARM.Collect$$libinit$$00000004) for __rt_lib_init_preinit_1
    libinit.o(.ARM.Collect$$libinit$$00000000) refers (Special) to libinit2.o(.ARM.Collect$$libinit$$0000000E) for __rt_lib_init_rand_1
    libinit.o(.ARM.Collect$$libinit$$00000000) refers (Special) to libinit2.o(.ARM.Collect$$libinit$$00000033) for __rt_lib_init_return
    libinit.o(.ARM.Collect$$libinit$$00000000) refers (Special) to libinit2.o(.ARM.Collect$$libinit$$0000001D) for __rt_lib_init_signal_1
    libinit.o(.ARM.Collect$$libinit$$00000000) refers (Special) to libinit2.o(.ARM.Collect$$libinit$$00000025) for __rt_lib_init_stdio_1
    libinit.o(.ARM.Collect$$libinit$$00000000) refers (Special) to libinit2.o(.ARM.Collect$$libinit$$0000000C) for __rt_lib_init_user_alloc_1
    libspace.o(.text) refers to libspace.o(.bss) for __libspace_start
    rtexit.o(.ARM.Collect$$rtexit$$00000000) refers (Special) to rtexit2.o(.ARM.Collect$$rtexit$$00000004) for __rt_exit_exit
    rtexit.o(.ARM.Collect$$rtexit$$00000000) refers (Special) to rtexit2.o(.ARM.Collect$$rtexit$$00000003) for __rt_exit_ls
    rtexit.o(.ARM.Collect$$rtexit$$00000000) refers (Special) to rtexit2.o(.ARM.Collect$$rtexit$$00000002) for __rt_exit_prels_1
    rtexit.o(.ARM.exidx) refers (Special) to rtexit2.o(.ARM.Collect$$rtexit$$00000004) for __rt_exit_exit
    rtexit.o(.ARM.exidx) refers (Special) to rtexit2.o(.ARM.Collect$$rtexit$$00000003) for __rt_exit_ls
    rtexit.o(.ARM.exidx) refers (Special) to rtexit2.o(.ARM.Collect$$rtexit$$00000002) for __rt_exit_prels_1
    rtexit.o(.ARM.exidx) refers to rtexit.o(.ARM.Collect$$rtexit$$00000000) for .ARM.Collect$$rtexit$$00000000
    rt_raise.o(.text) refers to __raise.o(.text) for __raise
    rt_raise.o(.text) refers to retarget.o(.text) for _sys_exit
    defsig_exit.o(.text) refers to retarget.o(.text) for _sys_exit
    defsig_fpe_inner.o(.text) refers to defsig_general.o(.text) for __default_signal_display
    libinit2.o(.ARM.Collect$$libinit$$00000010) refers to libinit2.o(.ARM.Collect$$libinit$$0000000F) for .ARM.Collect$$libinit$$0000000F
    libinit2.o(.ARM.Collect$$libinit$$00000012) refers to libinit2.o(.ARM.Collect$$libinit$$0000000F) for .ARM.Collect$$libinit$$0000000F
    libinit2.o(.ARM.Collect$$libinit$$00000014) refers to libinit2.o(.ARM.Collect$$libinit$$0000000F) for .ARM.Collect$$libinit$$0000000F
    libinit2.o(.ARM.Collect$$libinit$$00000016) refers to libinit2.o(.ARM.Collect$$libinit$$0000000F) for .ARM.Collect$$libinit$$0000000F
    libinit2.o(.ARM.Collect$$libinit$$00000018) refers to libinit2.o(.ARM.Collect$$libinit$$0000000F) for .ARM.Collect$$libinit$$0000000F
    libinit2.o(.ARM.Collect$$libinit$$00000026) refers to argv_veneer.o(.emb_text) for __ARM_argv_veneer
    libinit2.o(.ARM.Collect$$libinit$$00000027) refers to argv_veneer.o(.emb_text) for __ARM_argv_veneer
    rtexit2.o(.ARM.Collect$$rtexit$$00000003) refers to libshutdown.o(.ARM.Collect$$libshutdown$$00000000) for __rt_lib_shutdown
    rtexit2.o(.ARM.Collect$$rtexit$$00000004) refers to retarget.o(.text) for _sys_exit
    rtexit2.o(.ARM.exidx) refers to rtexit2.o(.ARM.Collect$$rtexit$$00000001) for .ARM.Collect$$rtexit$$00000001
    rtexit2.o(.ARM.exidx) refers to rtexit2.o(.ARM.Collect$$rtexit$$00000003) for .ARM.Collect$$rtexit$$00000003
    rtexit2.o(.ARM.exidx) refers to rtexit2.o(.ARM.Collect$$rtexit$$00000004) for .ARM.Collect$$rtexit$$00000004
    __raise.o(.text) refers to defsig.o(CL$$defsig) for __default_signal_handler
    defsig_general.o(.text) refers to retarget.o(.text) for _ttywrch
    argv_veneer.o(.emb_text) refers to no_argv.o(.text) for __ARM_get_argv
    defsig.o(CL$$defsig) refers to defsig_fpe_inner.o(.text) for __rt_SIGFPE_inner
    defsig.o(CL$$defsig) refers to defsig_rtmem_inner.o(.text) for __rt_SIGRTMEM_inner
    _get_argv_nomalloc.o(.text) refers (Special) to hrguard.o(.text) for __heap_region$guard
    _get_argv_nomalloc.o(.text) refers to defsig_rtmem_outer.o(.text) for __rt_SIGRTMEM
    _get_argv_nomalloc.o(.text) refers to sys_command.o(.text) for _sys_command_string
    libshutdown.o(.ARM.Collect$$libshutdown$$00000000) refers (Special) to libshutdown2.o(.ARM.Collect$$libshutdown$$00000002) for __rt_lib_shutdown_cpp_1
    libshutdown.o(.ARM.Collect$$libshutdown$$00000000) refers (Special) to libshutdown2.o(.ARM.Collect$$libshutdown$$00000007) for __rt_lib_shutdown_fp_trap_1
    libshutdown.o(.ARM.Collect$$libshutdown$$00000000) refers (Special) to libshutdown2.o(.ARM.Collect$$libshutdown$$0000000F) for __rt_lib_shutdown_heap_1
    libshutdown.o(.ARM.Collect$$libshutdown$$00000000) refers (Special) to libshutdown2.o(.ARM.Collect$$libshutdown$$00000010) for __rt_lib_shutdown_return
    libshutdown.o(.ARM.Collect$$libshutdown$$00000000) refers (Special) to libshutdown2.o(.ARM.Collect$$libshutdown$$0000000A) for __rt_lib_shutdown_signal_1
    libshutdown.o(.ARM.Collect$$libshutdown$$00000000) refers (Special) to libshutdown2.o(.ARM.Collect$$libshutdown$$00000004) for __rt_lib_shutdown_stdio_1
    libshutdown.o(.ARM.Collect$$libshutdown$$00000000) refers (Special) to libshutdown2.o(.ARM.Collect$$libshutdown$$0000000C) for __rt_lib_shutdown_user_alloc_1
    sys_command.o(.text) refers (Special) to use_no_semi.o(.text) for __I$use$semihosting
    sys_command.o(.text) refers (Special) to indicate_semi.o(.text) for __semihosting_library_function
    defsig_abrt_inner.o(.text) refers to defsig_general.o(.text) for __default_signal_display
    defsig_rtred_inner.o(.text) refers to defsig_general.o(.text) for __default_signal_display
    defsig_rtmem_inner.o(.text) refers to defsig_general.o(.text) for __default_signal_display
    defsig_rtmem_outer.o(.text) refers to defsig_rtmem_inner.o(.text) for __rt_SIGRTMEM_inner
    defsig_rtmem_outer.o(.text) refers to defsig_exit.o(.text) for __sig_exit
    defsig_rtmem_formal.o(.text) refers to rt_raise.o(.text) for __rt_raise
    defsig_stak_inner.o(.text) refers to defsig_general.o(.text) for __default_signal_display
    defsig_pvfn_inner.o(.text) refers to defsig_general.o(.text) for __default_signal_display
    defsig_cppl_inner.o(.text) refers to defsig_general.o(.text) for __default_signal_display
    defsig_segv_inner.o(.text) refers to defsig_general.o(.text) for __default_signal_display
    defsig_other.o(.text) refers to defsig_general.o(.text) for __default_signal_display


==============================================================================

Removing Unused input sections from the image.

    Removing main.o(.rev16_text), (4 bytes).
    Removing main.o(.revsh_text), (4 bytes).
    Removing main.o(.bss), (2048 bytes).
    Removing retarget.o(.rev16_text), (4 bytes).
    Removing retarget.o(.revsh_text), (4 bytes).
    Removing bsp_uart.o(.rev16_text), (4 bytes).
    Removing bsp_uart.o(.revsh_text), (4 bytes).
    Removing bsp_uart.o(.text), (100 bytes).
    Removing ip_config.o(.rev16_text), (4 bytes).
    Removing ip_config.o(.revsh_text), (4 bytes).
    Removing time_delay.o(.rev16_text), (4 bytes).
    Removing time_delay.o(.revsh_text), (4 bytes).
    Removing w7500x_it.o(.rev16_text), (4 bytes).
    Removing w7500x_it.o(.revsh_text), (4 bytes).
    Removing w7500x_crg.o(.rev16_text), (4 bytes).
    Removing w7500x_crg.o(.revsh_text), (4 bytes).
    Removing w7500x_crg.o(.text), (1128 bytes).
    Removing w7500x_gpio.o(.rev16_text), (4 bytes).
    Removing w7500x_gpio.o(.revsh_text), (4 bytes).
    Removing w7500x_uart.o(.rev16_text), (4 bytes).
    Removing w7500x_uart.o(.revsh_text), (4 bytes).
    Removing w7500x_wztoe.o(.rev16_text), (4 bytes).
    Removing w7500x_wztoe.o(.revsh_text), (4 bytes).
    Removing system_w7500x.o(.rev16_text), (4 bytes).
    Removing system_w7500x.o(.revsh_text), (4 bytes).
    Removing socket.o(.rev16_text), (4 bytes).
    Removing socket.o(.revsh_text), (4 bytes).
    Removing wizchip_conf.o(.rev16_text), (4 bytes).
    Removing wizchip_conf.o(.revsh_text), (4 bytes).
    Removing wizchip_conf.o(.text), (1732 bytes).
    Removing wizchip_conf.o(.data), (37 bytes).
    Removing w7500x_miim.o(.rev16_text), (4 bytes).
    Removing w7500x_miim.o(.revsh_text), (4 bytes).
    Removing ntp.o(.rev16_text), (4 bytes).
    Removing ntp.o(.revsh_text), (4 bytes).

35 unused section(s) (total 5165 bytes) removed from the image.

==============================================================================

Image Symbol Table

    Local Symbols

    Symbol Name                              Value     Ov Type        Size  Object(Section)

    ../clib/angel/boardlib.s                 0x00000000   Number         0  boardinit2.o ABSOLUTE
    ../clib/angel/boardlib.s                 0x00000000   Number         0  boardinit3.o ABSOLUTE
    ../clib/angel/boardlib.s                 0x00000000   Number         0  boardshut.o ABSOLUTE
    ../clib/angel/boardlib.s                 0x00000000   Number         0  boardinit1.o ABSOLUTE
    ../clib/angel/handlers.s                 0x00000000   Number         0  __scatter_copy.o ABSOLUTE
    ../clib/angel/handlers.s                 0x00000000   Number         0  __scatter_zi.o ABSOLUTE
    ../clib/angel/kernel.s                   0x00000000   Number         0  __rtentry.o ABSOLUTE
    ../clib/angel/kernel.s                   0x00000000   Number         0  rtexit.o ABSOLUTE
    ../clib/angel/kernel.s                   0x00000000   Number         0  rtexit2.o ABSOLUTE
    ../clib/angel/kernel.s                   0x00000000   Number         0  __rtentry2.o ABSOLUTE
    ../clib/angel/kernel.s                   0x00000000   Number         0  __rtentry4.o ABSOLUTE
    ../clib/angel/rt.s                       0x00000000   Number         0  rt_raise.o ABSOLUTE
    ../clib/angel/rt.s                       0x00000000   Number         0  aeabi_ldiv0.o ABSOLUTE
    ../clib/angel/rt.s                       0x00000000   Number         0  aeabi_ldiv0_sigfpe.o ABSOLUTE
    ../clib/angel/rt.s                       0x00000000   Number         0  rt_div0.o ABSOLUTE
    ../clib/angel/scatter.s                  0x00000000   Number         0  __scatter.o ABSOLUTE
    ../clib/angel/startup.s                  0x00000000   Number         0  __main.o ABSOLUTE
    ../clib/angel/sys.s                      0x00000000   Number         0  use_no_semi.o ABSOLUTE
    ../clib/angel/sys.s                      0x00000000   Number         0  indicate_semi.o ABSOLUTE
    ../clib/angel/sys.s                      0x00000000   Number         0  libspace.o ABSOLUTE
    ../clib/angel/sys.s                      0x00000000   Number         0  sys_stackheap_outer.o ABSOLUTE
    ../clib/angel/sysapp.c                   0x00000000   Number         0  sys_command.o ABSOLUTE
    ../clib/armsys.c                         0x00000000   Number         0  no_argv.o ABSOLUTE
    ../clib/armsys.c                         0x00000000   Number         0  _get_argv_nomalloc.o ABSOLUTE
    ../clib/armsys.c                         0x00000000   Number         0  argv_veneer.o ABSOLUTE
    ../clib/armsys.c                         0x00000000   Number         0  argv_veneer.o ABSOLUTE
    ../clib/heapalloc.c                      0x00000000   Number         0  hrguard.o ABSOLUTE
    ../clib/heapaux.c                        0x00000000   Number         0  heapauxi.o ABSOLUTE
    ../clib/libinit.s                        0x00000000   Number         0  libshutdown.o ABSOLUTE
    ../clib/libinit.s                        0x00000000   Number         0  libshutdown2.o ABSOLUTE
    ../clib/libinit.s                        0x00000000   Number         0  libinit2.o ABSOLUTE
    ../clib/libinit.s                        0x00000000   Number         0  libinit.o ABSOLUTE
    ../clib/longlong.s                       0x00000000   Number         0  lludivv7m.o ABSOLUTE
    ../clib/misc.s                           0x00000000   Number         0  printf_stubs.o ABSOLUTE
    ../clib/printf.c                         0x00000000   Number         0  _printf_char_file.o ABSOLUTE
    ../clib/printf.c                         0x00000000   Number         0  __printf_flags_ss_wp.o ABSOLUTE
    ../clib/printf.c                         0x00000000   Number         0  _printf_dec.o ABSOLUTE
    ../clib/printf.c                         0x00000000   Number         0  __printf_flags_ss.o ABSOLUTE
    ../clib/printf.c                         0x00000000   Number         0  __printf_ss_wp.o ABSOLUTE
    ../clib/printf.c                         0x00000000   Number         0  __printf_ss.o ABSOLUTE
    ../clib/printf.c                         0x00000000   Number         0  __printf_flags_wp.o ABSOLUTE
    ../clib/printf.c                         0x00000000   Number         0  __printf_wp.o ABSOLUTE
    ../clib/printf.c                         0x00000000   Number         0  __printf_flags.o ABSOLUTE
    ../clib/printf.c                         0x00000000   Number         0  _printf_hex_int_ll_ptr.o ABSOLUTE
    ../clib/printf.c                         0x00000000   Number         0  _printf_hex_ll_ptr.o ABSOLUTE
    ../clib/printf.c                         0x00000000   Number         0  _printf_hex_int_ptr.o ABSOLUTE
    ../clib/printf.c                         0x00000000   Number         0  _printf_hex_ptr.o ABSOLUTE
    ../clib/printf.c                         0x00000000   Number         0  _printf_hex_int_ll.o ABSOLUTE
    ../clib/printf.c                         0x00000000   Number         0  _printf_char_common.o ABSOLUTE
    ../clib/printf.c                         0x00000000   Number         0  __printf_nopercent.o ABSOLUTE
    ../clib/printf.c                         0x00000000   Number         0  noretval__2printf.o ABSOLUTE
    ../clib/printf.c                         0x00000000   Number         0  _printf_hex_int.o ABSOLUTE
    ../clib/printf.c                         0x00000000   Number         0  _printf_hex_ll.o ABSOLUTE
    ../clib/printf.c                         0x00000000   Number         0  __2printf.o ABSOLUTE
    ../clib/printf.c                         0x00000000   Number         0  __printf.o ABSOLUTE
    ../clib/printf.c                         0x00000000   Number         0  _printf_pad.o ABSOLUTE
    ../clib/printf.c                         0x00000000   Number         0  _printf_intcommon.o ABSOLUTE
    ../clib/printf_percent.s                 0x00000000   Number         0  _printf_x.o ABSOLUTE
    ../clib/printf_percent.s                 0x00000000   Number         0  _printf_d.o ABSOLUTE
    ../clib/printf_percent.s                 0x00000000   Number         0  _printf_percent.o ABSOLUTE
    ../clib/printf_percent.s                 0x00000000   Number         0  _printf_percent_end.o ABSOLUTE
    ../clib/signal.c                         0x00000000   Number         0  defsig_fpe_inner.o ABSOLUTE
    ../clib/signal.c                         0x00000000   Number         0  defsig_rtmem_formal.o ABSOLUTE
    ../clib/signal.c                         0x00000000   Number         0  defsig_rtmem_outer.o ABSOLUTE
    ../clib/signal.c                         0x00000000   Number         0  defsig_rtmem_inner.o ABSOLUTE
    ../clib/signal.c                         0x00000000   Number         0  defsig_rtred_inner.o ABSOLUTE
    ../clib/signal.c                         0x00000000   Number         0  __raise.o ABSOLUTE
    ../clib/signal.c                         0x00000000   Number         0  defsig_other.o ABSOLUTE
    ../clib/signal.c                         0x00000000   Number         0  defsig_cppl_inner.o ABSOLUTE
    ../clib/signal.c                         0x00000000   Number         0  defsig_exit.o ABSOLUTE
    ../clib/signal.c                         0x00000000   Number         0  defsig_segv_inner.o ABSOLUTE
    ../clib/signal.c                         0x00000000   Number         0  defsig_general.o ABSOLUTE
    ../clib/signal.c                         0x00000000   Number         0  defsig_fpe_outer.o ABSOLUTE
    ../clib/signal.c                         0x00000000   Number         0  defsig_abrt_inner.o ABSOLUTE
    ../clib/signal.c                         0x00000000   Number         0  defsig_pvfn_inner.o ABSOLUTE
    ../clib/signal.c                         0x00000000   Number         0  defsig_fpe_formal.o ABSOLUTE
    ../clib/signal.c                         0x00000000   Number         0  defsig_stak_inner.o ABSOLUTE
    ../clib/signal.s                         0x00000000   Number         0  defsig.o ABSOLUTE
    ../clib/stdlib.c                         0x00000000   Number         0  exit.o ABSOLUTE
    ../fplib/daddsub.s                       0x00000000   Number         0  daddsub_clz.o ABSOLUTE
    ../fplib/dfixu.s                         0x00000000   Number         0  dfixu.o ABSOLUTE
    ../fplib/dnaninf.s                       0x00000000   Number         0  dnaninf.o ABSOLUTE
    ../fplib/dretinf.s                       0x00000000   Number         0  dretinf.o ABSOLUTE
    ../fplib/f2d.s                           0x00000000   Number         0  f2d.o ABSOLUTE
    ../fplib/faddsub.s                       0x00000000   Number         0  faddsub_clz.o ABSOLUTE
    ../fplib/fdiv.s                          0x00000000   Number         0  fdiv.o ABSOLUTE
    ../fplib/ffixu.s                         0x00000000   Number         0  ffixu.o ABSOLUTE
    ../fplib/fflt.s                          0x00000000   Number         0  fflt_clz.o ABSOLUTE
    ../fplib/fmul.s                          0x00000000   Number         0  fmul.o ABSOLUTE
    ../fplib/fnaninf.s                       0x00000000   Number         0  fnaninf.o ABSOLUTE
    ../fplib/fpinit.s                        0x00000000   Number         0  fpinit.o ABSOLUTE
    ../fplib/fretinf.s                       0x00000000   Number         0  fretinf.o ABSOLUTE
    ../fplib/usenofp.s                       0x00000000   Number         0  usenofp.o ABSOLUTE
    ..\Applications\ntp.c                    0x00000000   Number         0  ntp.o ABSOLUTE
    ..\User\W7500x_it.c                      0x00000000   Number         0  w7500x_it.o ABSOLUTE
    ..\User\bsp_uart.c                       0x00000000   Number         0  bsp_uart.o ABSOLUTE
    ..\User\ip_config.c                      0x00000000   Number         0  ip_config.o ABSOLUTE
    ..\User\main.c                           0x00000000   Number         0  main.o ABSOLUTE
    ..\User\retarget.c                       0x00000000   Number         0  retarget.o ABSOLUTE
    ..\User\time_delay.c                     0x00000000   Number         0  time_delay.o ABSOLUTE
    ..\W7500P_driver\CMSIS\Device\WIZnet\W7500\Source\ARM\startup_W7500x.s 0x00000000   Number         0  startup_w7500x.o ABSOLUTE
    ..\W7500P_driver\CMSIS\Device\WIZnet\W7500\Source\system_W7500x.c 0x00000000   Number         0  system_w7500x.o ABSOLUTE
    ..\W7500P_driver\W7500x_stdPeriph_Driver\src\W7500x_crg.c 0x00000000   Number         0  w7500x_crg.o ABSOLUTE
    ..\W7500P_driver\W7500x_stdPeriph_Driver\src\W7500x_gpio.c 0x00000000   Number         0  w7500x_gpio.o ABSOLUTE
    ..\W7500P_driver\W7500x_stdPeriph_Driver\src\W7500x_uart.c 0x00000000   Number         0  w7500x_uart.o ABSOLUTE
    ..\W7500P_driver\W7500x_stdPeriph_Driver\src\W7500x_wztoe.c 0x00000000   Number         0  w7500x_wztoe.o ABSOLUTE
    ..\\Applications\\ntp.c                  0x00000000   Number         0  ntp.o ABSOLUTE
    ..\\User\\W7500x_it.c                    0x00000000   Number         0  w7500x_it.o ABSOLUTE
    ..\\User\\bsp_uart.c                     0x00000000   Number         0  bsp_uart.o ABSOLUTE
    ..\\User\\ip_config.c                    0x00000000   Number         0  ip_config.o ABSOLUTE
    ..\\User\\main.c                         0x00000000   Number         0  main.o ABSOLUTE
    ..\\User\\retarget.c                     0x00000000   Number         0  retarget.o ABSOLUTE
    ..\\User\\time_delay.c                   0x00000000   Number         0  time_delay.o ABSOLUTE
    ..\\W7500P_driver\\CMSIS\\Device\\WIZnet\\W7500\\Source\\system_W7500x.c 0x00000000   Number         0  system_w7500x.o ABSOLUTE
    ..\\W7500P_driver\\W7500x_stdPeriph_Driver\\src\\W7500x_crg.c 0x00000000   Number         0  w7500x_crg.o ABSOLUTE
    ..\\W7500P_driver\\W7500x_stdPeriph_Driver\\src\\W7500x_gpio.c 0x00000000   Number         0  w7500x_gpio.o ABSOLUTE
    ..\\W7500P_driver\\W7500x_stdPeriph_Driver\\src\\W7500x_uart.c 0x00000000   Number         0  w7500x_uart.o ABSOLUTE
    ..\\W7500P_driver\\W7500x_stdPeriph_Driver\\src\\W7500x_wztoe.c 0x00000000   Number         0  w7500x_wztoe.o ABSOLUTE
    ..\\ioLibary\\Ethernet\\socket.c         0x00000000   Number         0  socket.o ABSOLUTE
    ..\\ioLibary\\Ethernet\\wizchip_conf.c   0x00000000   Number         0  wizchip_conf.o ABSOLUTE
    ..\\ioLibary\\MDIO\\W7500x_miim.c        0x00000000   Number         0  w7500x_miim.o ABSOLUTE
    ..\ioLibary\Ethernet\socket.c            0x00000000   Number         0  socket.o ABSOLUTE
    ..\ioLibary\Ethernet\wizchip_conf.c      0x00000000   Number         0  wizchip_conf.o ABSOLUTE
    ..\ioLibary\MDIO\W7500x_miim.c           0x00000000   Number         0  w7500x_miim.o ABSOLUTE
    dc.s                                     0x00000000   Number         0  dc.o ABSOLUTE
    RESET                                    0x08000000   Section      168  startup_w7500x.o(RESET)
    !!!main                                  0x080000a8   Section        8  __main.o(!!!main)
    !!!scatter                               0x080000b0   Section       52  __scatter.o(!!!scatter)
    !!handler_copy                           0x080000e4   Section       26  __scatter_copy.o(!!handler_copy)
    !!handler_zi                             0x08000100   Section       28  __scatter_zi.o(!!handler_zi)
    .ARM.Collect$$_printf_percent$$00000000  0x0800011c   Section        0  _printf_percent.o(.ARM.Collect$$_printf_percent$$00000000)
    .ARM.Collect$$_printf_percent$$00000009  0x0800011c   Section        6  _printf_d.o(.ARM.Collect$$_printf_percent$$00000009)
    .ARM.Collect$$_printf_percent$$0000000C  0x08000122   Section        6  _printf_x.o(.ARM.Collect$$_printf_percent$$0000000C)
    .ARM.Collect$$_printf_percent$$00000017  0x08000128   Section        4  _printf_percent_end.o(.ARM.Collect$$_printf_percent$$00000017)
    .ARM.Collect$$libinit$$00000000          0x0800012c   Section        2  libinit.o(.ARM.Collect$$libinit$$00000000)
    .ARM.Collect$$libinit$$00000002          0x0800012e   Section        0  libinit2.o(.ARM.Collect$$libinit$$00000002)
    .ARM.Collect$$libinit$$00000004          0x0800012e   Section        0  libinit2.o(.ARM.Collect$$libinit$$00000004)
    .ARM.Collect$$libinit$$0000000A          0x0800012e   Section        0  libinit2.o(.ARM.Collect$$libinit$$0000000A)
    .ARM.Collect$$libinit$$0000000C          0x0800012e   Section        0  libinit2.o(.ARM.Collect$$libinit$$0000000C)
    .ARM.Collect$$libinit$$0000000E          0x0800012e   Section        0  libinit2.o(.ARM.Collect$$libinit$$0000000E)
    .ARM.Collect$$libinit$$00000011          0x0800012e   Section        0  libinit2.o(.ARM.Collect$$libinit$$00000011)
    .ARM.Collect$$libinit$$00000013          0x0800012e   Section        0  libinit2.o(.ARM.Collect$$libinit$$00000013)
    .ARM.Collect$$libinit$$00000015          0x0800012e   Section        0  libinit2.o(.ARM.Collect$$libinit$$00000015)
    .ARM.Collect$$libinit$$00000017          0x0800012e   Section        0  libinit2.o(.ARM.Collect$$libinit$$00000017)
    .ARM.Collect$$libinit$$00000019          0x0800012e   Section        0  libinit2.o(.ARM.Collect$$libinit$$00000019)
    .ARM.Collect$$libinit$$0000001B          0x0800012e   Section        0  libinit2.o(.ARM.Collect$$libinit$$0000001B)
    .ARM.Collect$$libinit$$0000001D          0x0800012e   Section        0  libinit2.o(.ARM.Collect$$libinit$$0000001D)
    .ARM.Collect$$libinit$$0000001F          0x0800012e   Section        0  libinit2.o(.ARM.Collect$$libinit$$0000001F)
    .ARM.Collect$$libinit$$00000021          0x0800012e   Section        0  libinit2.o(.ARM.Collect$$libinit$$00000021)
    .ARM.Collect$$libinit$$00000023          0x0800012e   Section        0  libinit2.o(.ARM.Collect$$libinit$$00000023)
    .ARM.Collect$$libinit$$00000025          0x0800012e   Section        0  libinit2.o(.ARM.Collect$$libinit$$00000025)
    .ARM.Collect$$libinit$$0000002C          0x0800012e   Section        0  libinit2.o(.ARM.Collect$$libinit$$0000002C)
    .ARM.Collect$$libinit$$0000002E          0x0800012e   Section        0  libinit2.o(.ARM.Collect$$libinit$$0000002E)
    .ARM.Collect$$libinit$$00000030          0x0800012e   Section        0  libinit2.o(.ARM.Collect$$libinit$$00000030)
    .ARM.Collect$$libinit$$00000032          0x0800012e   Section        0  libinit2.o(.ARM.Collect$$libinit$$00000032)
    .ARM.Collect$$libinit$$00000033          0x0800012e   Section        2  libinit2.o(.ARM.Collect$$libinit$$00000033)
    .ARM.Collect$$libshutdown$$00000000      0x08000130   Section        2  libshutdown.o(.ARM.Collect$$libshutdown$$00000000)
    .ARM.Collect$$libshutdown$$00000002      0x08000132   Section        0  libshutdown2.o(.ARM.Collect$$libshutdown$$00000002)
    .ARM.Collect$$libshutdown$$00000004      0x08000132   Section        0  libshutdown2.o(.ARM.Collect$$libshutdown$$00000004)
    .ARM.Collect$$libshutdown$$00000007      0x08000132   Section        0  libshutdown2.o(.ARM.Collect$$libshutdown$$00000007)
    .ARM.Collect$$libshutdown$$0000000A      0x08000132   Section        0  libshutdown2.o(.ARM.Collect$$libshutdown$$0000000A)
    .ARM.Collect$$libshutdown$$0000000C      0x08000132   Section        0  libshutdown2.o(.ARM.Collect$$libshutdown$$0000000C)
    .ARM.Collect$$libshutdown$$0000000F      0x08000132   Section        0  libshutdown2.o(.ARM.Collect$$libshutdown$$0000000F)
    .ARM.Collect$$libshutdown$$00000010      0x08000132   Section        2  libshutdown2.o(.ARM.Collect$$libshutdown$$00000010)
    .ARM.Collect$$rtentry$$00000000          0x08000134   Section        0  __rtentry.o(.ARM.Collect$$rtentry$$00000000)
    .ARM.Collect$$rtentry$$00000002          0x08000134   Section        0  __rtentry2.o(.ARM.Collect$$rtentry$$00000002)
    .ARM.Collect$$rtentry$$00000004          0x08000134   Section        6  __rtentry4.o(.ARM.Collect$$rtentry$$00000004)
    .ARM.Collect$$rtentry$$00000009          0x0800013a   Section        0  __rtentry2.o(.ARM.Collect$$rtentry$$00000009)
    .ARM.Collect$$rtentry$$0000000A          0x0800013a   Section        4  __rtentry2.o(.ARM.Collect$$rtentry$$0000000A)
    .ARM.Collect$$rtentry$$0000000C          0x0800013e   Section        0  __rtentry2.o(.ARM.Collect$$rtentry$$0000000C)
    .ARM.Collect$$rtentry$$0000000D          0x0800013e   Section        8  __rtentry2.o(.ARM.Collect$$rtentry$$0000000D)
    .ARM.Collect$$rtexit$$00000000           0x08000146   Section        2  rtexit.o(.ARM.Collect$$rtexit$$00000000)
    .ARM.Collect$$rtexit$$00000002           0x08000148   Section        0  rtexit2.o(.ARM.Collect$$rtexit$$00000002)
    .ARM.Collect$$rtexit$$00000003           0x08000148   Section        4  rtexit2.o(.ARM.Collect$$rtexit$$00000003)
    .ARM.Collect$$rtexit$$00000004           0x0800014c   Section        6  rtexit2.o(.ARM.Collect$$rtexit$$00000004)
    .text                                    0x08000154   Section        0  main.o(.text)
    .text                                    0x08000190   Section        0  retarget.o(.text)
    .text                                    0x080001c8   Section        0  ip_config.o(.text)
    .text                                    0x080004d0   Section        0  time_delay.o(.text)
    NVIC_SetPriority                         0x08000565   Thumb Code    98  time_delay.o(.text)
    .text                                    0x080005d4   Section        0  w7500x_it.o(.text)
    .text                                    0x08000618   Section        0  w7500x_gpio.o(.text)
    NVIC_EnableIRQ                           0x080009d3   Thumb Code    14  w7500x_gpio.o(.text)
    .text                                    0x080009ec   Section        0  w7500x_uart.o(.text)
    .text                                    0x08000cb8   Section        0  w7500x_wztoe.o(.text)
    .text                                    0x08000ddc   Section        0  system_w7500x.o(.text)
    .text                                    0x08000e50   Section       56  startup_w7500x.o(.text)
    .text                                    0x08000e88   Section        0  socket.o(.text)
    .text                                    0x08001e48   Section        0  w7500x_miim.o(.text)
    .text                                    0x080020e0   Section        0  ntp.o(.text)
    .text                                    0x08002948   Section        2  use_no_semi.o(.text)
    .text                                    0x0800294a   Section      238  lludivv7m.o(.text)
    .text                                    0x08002a38   Section        0  noretval__2printf.o(.text)
    .text                                    0x08002a50   Section        0  _printf_pad.o(.text)
    .text                                    0x08002aa0   Section        0  _printf_dec.o(.text)
    .text                                    0x08002b18   Section        0  _printf_hex_int.o(.text)
    .text                                    0x08002b70   Section        0  __printf_flags_wp.o(.text)
    .text                                    0x08002ca8   Section        0  heapauxi.o(.text)
    .text                                    0x08002cae   Section        0  _printf_intcommon.o(.text)
    .text                                    0x08002d60   Section        0  _printf_char_file.o(.text)
    .text                                    0x08002d84   Section        0  _printf_char_common.o(.text)
    _printf_input_char                       0x08002d85   Thumb Code    10  _printf_char_common.o(.text)
    .text                                    0x08002db4   Section       74  sys_stackheap_outer.o(.text)
    .text                                    0x08002dfe   Section        0  exit.o(.text)
    .text                                    0x08002e10   Section        8  libspace.o(.text)
    i._is_digit                              0x08002e18   Section        0  __printf_wp.o(i._is_digit)
    x$fpl$dadd                               0x08002e28   Section      336  daddsub_clz.o(x$fpl$dadd)
    _dadd1                                   0x08002e39   Thumb Code     0  daddsub_clz.o(x$fpl$dadd)
    x$fpl$dfixu                              0x08002f78   Section       90  dfixu.o(x$fpl$dfixu)
    x$fpl$dnaninf                            0x08002fd2   Section      156  dnaninf.o(x$fpl$dnaninf)
    x$fpl$dretinf                            0x0800306e   Section       12  dretinf.o(x$fpl$dretinf)
    x$fpl$dsub                               0x0800307c   Section      468  daddsub_clz.o(x$fpl$dsub)
    _dsub1                                   0x0800308d   Thumb Code     0  daddsub_clz.o(x$fpl$dsub)
    x$fpl$f2d                                0x08003250   Section       86  f2d.o(x$fpl$f2d)
    x$fpl$fadd                               0x080032a8   Section      196  faddsub_clz.o(x$fpl$fadd)
    _fadd1                                   0x080032b7   Thumb Code     0  faddsub_clz.o(x$fpl$fadd)
    x$fpl$fdiv                               0x0800336c   Section      388  fdiv.o(x$fpl$fdiv)
    _fdiv1                                   0x0800336d   Thumb Code     0  fdiv.o(x$fpl$fdiv)
    x$fpl$ffixu                              0x080034f0   Section       62  ffixu.o(x$fpl$ffixu)
    x$fpl$ffltu                              0x08003530   Section       38  fflt_clz.o(x$fpl$ffltu)
    x$fpl$fmul                               0x08003558   Section      258  fmul.o(x$fpl$fmul)
    x$fpl$fnaninf                            0x0800365a   Section      140  fnaninf.o(x$fpl$fnaninf)
    x$fpl$fretinf                            0x080036e6   Section       10  fretinf.o(x$fpl$fretinf)
    x$fpl$frsb                               0x080036f0   Section       20  faddsub_clz.o(x$fpl$frsb)
    x$fpl$fsub                               0x08003704   Section      234  faddsub_clz.o(x$fpl$fsub)
    _fsub1                                   0x08003713   Thumb Code     0  faddsub_clz.o(x$fpl$fsub)
    .constdata                               0x080037ee   Section       40  _printf_hex_int.o(.constdata)
    x$fpl$usenofp                            0x080037ee   Section        0  usenofp.o(x$fpl$usenofp)
    uc_hextab                                0x080037ee   Data          20  _printf_hex_int.o(.constdata)
    lc_hextab                                0x08003802   Data          20  _printf_hex_int.o(.constdata)
    .constdata                               0x08003816   Section       17  __printf_flags_wp.o(.constdata)
    maptable                                 0x08003816   Data          17  __printf_flags_wp.o(.constdata)
    .data                                    0x20000000   Section        8  retarget.o(.data)
    .data                                    0x20000008   Section       30  ip_config.o(.data)
    .data                                    0x20000028   Section        4  time_delay.o(.data)
    .data                                    0x2000002c   Section        8  system_w7500x.o(.data)
    .data                                    0x20000034   Section       14  socket.o(.data)
    sock_any_port                            0x20000034   Data           2  socket.o(.data)
    sock_io_mode                             0x20000036   Data           2  socket.o(.data)
    sock_is_sending                          0x20000038   Data           2  socket.o(.data)
    sock_pack_info                           0x2000003a   Data           8  socket.o(.data)
    .data                                    0x20000044   Section        8  w7500x_miim.o(.data)
    .data                                    0x20000050   Section       25  ntp.o(.data)
    .bss                                     0x2000006c   Section       16  socket.o(.bss)
    sock_remained_size                       0x2000006c   Data          16  socket.o(.bss)
    .bss                                     0x20000080   Section     2240  ntp.o(.bss)
    .bss                                     0x20000940   Section       96  libspace.o(.bss)
    HEAP                                     0x200009a0   Section     1024  startup_w7500x.o(HEAP)
    Heap_Mem                                 0x200009a0   Data        1024  startup_w7500x.o(HEAP)
    STACK                                    0x20000da0   Section     1024  startup_w7500x.o(STACK)
    Stack_Mem                                0x20000da0   Data        1024  startup_w7500x.o(STACK)
    __initial_sp                             0x200011a0   Data           0  startup_w7500x.o(STACK)

    Global Symbols

    Symbol Name                              Value     Ov Type        Size  Object(Section)

    BuildAttributes$$THM_ISAv4$P$D$K$B$S$PE$A:L22UL41UL21$X:L11$S22US41US21$IEEE1$IW$USESV6$~STKCKD$USESV7$~SHL$OSPACE$ROPI$EBA8$UX$STANDARDLIB$REQ8$PRES8$EABIv2 0x00000000   Number         0  anon$$obj.o ABSOLUTE
    __ARM_use_no_argv                        0x00000000   Number         0  main.o ABSOLUTE
    _printf_flags                            0x00000000   Number         0  printf_stubs.o ABSOLUTE
    _printf_return_value                     0x00000000   Number         0  printf_stubs.o ABSOLUTE
    _printf_sizespec                         0x00000000   Number         0  printf_stubs.o ABSOLUTE
    _printf_widthprec                        0x00000000   Number         0  printf_stubs.o ABSOLUTE
    __ARM_exceptions_init                     - Undefined Weak Reference
    __alloca_initialize                       - Undefined Weak Reference
    __arm_preinit_                            - Undefined Weak Reference
    __cpp_initialize__aeabi_                  - Undefined Weak Reference
    __cxa_finalize                            - Undefined Weak Reference
    __rt_locale                               - Undefined Weak Reference
    __sigvec_lookup                           - Undefined Weak Reference
    _atexit_init                              - Undefined Weak Reference
    _call_atexit_fns                          - Undefined Weak Reference
    _clock_init                               - Undefined Weak Reference
    _fp_trap_init                             - Undefined Weak Reference
    _fp_trap_shutdown                         - Undefined Weak Reference
    _get_lc_collate                           - Undefined Weak Reference
    _get_lc_ctype                             - Undefined Weak Reference
    _get_lc_monetary                          - Undefined Weak Reference
    _get_lc_numeric                           - Undefined Weak Reference
    _get_lc_time                              - Undefined Weak Reference
    _getenv_init                              - Undefined Weak Reference
    _handle_redirection                       - Undefined Weak Reference
    _init_alloc                               - Undefined Weak Reference
    _init_user_alloc                          - Undefined Weak Reference
    _initio                                   - Undefined Weak Reference
    _printf_truncate_signed                   - Undefined Weak Reference
    _printf_truncate_unsigned                 - Undefined Weak Reference
    _rand_init                                - Undefined Weak Reference
    _signal_finish                            - Undefined Weak Reference
    _signal_init                              - Undefined Weak Reference
    _terminate_alloc                          - Undefined Weak Reference
    _terminate_user_alloc                     - Undefined Weak Reference
    _terminateio                              - Undefined Weak Reference
    __Vectors_Size                           0x000000a8   Number         0  startup_w7500x.o ABSOLUTE
    __Vectors                                0x08000000   Data           4  startup_w7500x.o(RESET)
    __Vectors_End                            0x080000a8   Data           0  startup_w7500x.o(RESET)
    __main                                   0x080000a9   Thumb Code     8  __main.o(!!!main)
    __scatterload                            0x080000b1   Thumb Code     0  __scatter.o(!!!scatter)
    __scatterload_rt2                        0x080000b1   Thumb Code    44  __scatter.o(!!!scatter)
    __scatterload_rt2_thumb_only             0x080000b1   Thumb Code     0  __scatter.o(!!!scatter)
    __scatterload_null                       0x080000bf   Thumb Code     0  __scatter.o(!!!scatter)
    __scatterload_copy                       0x080000e5   Thumb Code    26  __scatter_copy.o(!!handler_copy)
    __scatterload_zeroinit                   0x08000101   Thumb Code    28  __scatter_zi.o(!!handler_zi)
    _printf_d                                0x0800011d   Thumb Code     0  _printf_d.o(.ARM.Collect$$_printf_percent$$00000009)
    _printf_percent                          0x0800011d   Thumb Code     0  _printf_percent.o(.ARM.Collect$$_printf_percent$$00000000)
    _printf_x                                0x08000123   Thumb Code     0  _printf_x.o(.ARM.Collect$$_printf_percent$$0000000C)
    _printf_percent_end                      0x08000129   Thumb Code     0  _printf_percent_end.o(.ARM.Collect$$_printf_percent$$00000017)
    __rt_lib_init                            0x0800012d   Thumb Code     0  libinit.o(.ARM.Collect$$libinit$$00000000)
    __rt_lib_init_alloca_1                   0x0800012f   Thumb Code     0  libinit2.o(.ARM.Collect$$libinit$$0000002E)
    __rt_lib_init_argv_1                     0x0800012f   Thumb Code     0  libinit2.o(.ARM.Collect$$libinit$$0000002C)
    __rt_lib_init_atexit_1                   0x0800012f   Thumb Code     0  libinit2.o(.ARM.Collect$$libinit$$0000001B)
    __rt_lib_init_clock_1                    0x0800012f   Thumb Code     0  libinit2.o(.ARM.Collect$$libinit$$00000021)
    __rt_lib_init_cpp_1                      0x0800012f   Thumb Code     0  libinit2.o(.ARM.Collect$$libinit$$00000032)
    __rt_lib_init_exceptions_1               0x0800012f   Thumb Code     0  libinit2.o(.ARM.Collect$$libinit$$00000030)
    __rt_lib_init_fp_1                       0x0800012f   Thumb Code     0  libinit2.o(.ARM.Collect$$libinit$$00000002)
    __rt_lib_init_fp_trap_1                  0x0800012f   Thumb Code     0  libinit2.o(.ARM.Collect$$libinit$$0000001F)
    __rt_lib_init_getenv_1                   0x0800012f   Thumb Code     0  libinit2.o(.ARM.Collect$$libinit$$00000023)
    __rt_lib_init_heap_1                     0x0800012f   Thumb Code     0  libinit2.o(.ARM.Collect$$libinit$$0000000A)
    __rt_lib_init_lc_collate_1               0x0800012f   Thumb Code     0  libinit2.o(.ARM.Collect$$libinit$$00000011)
    __rt_lib_init_lc_ctype_1                 0x0800012f   Thumb Code     0  libinit2.o(.ARM.Collect$$libinit$$00000013)
    __rt_lib_init_lc_monetary_1              0x0800012f   Thumb Code     0  libinit2.o(.ARM.Collect$$libinit$$00000015)
    __rt_lib_init_lc_numeric_1               0x0800012f   Thumb Code     0  libinit2.o(.ARM.Collect$$libinit$$00000017)
    __rt_lib_init_lc_time_1                  0x0800012f   Thumb Code     0  libinit2.o(.ARM.Collect$$libinit$$00000019)
    __rt_lib_init_preinit_1                  0x0800012f   Thumb Code     0  libinit2.o(.ARM.Collect$$libinit$$00000004)
    __rt_lib_init_rand_1                     0x0800012f   Thumb Code     0  libinit2.o(.ARM.Collect$$libinit$$0000000E)
    __rt_lib_init_return                     0x0800012f   Thumb Code     0  libinit2.o(.ARM.Collect$$libinit$$00000033)
    __rt_lib_init_signal_1                   0x0800012f   Thumb Code     0  libinit2.o(.ARM.Collect$$libinit$$0000001D)
    __rt_lib_init_stdio_1                    0x0800012f   Thumb Code     0  libinit2.o(.ARM.Collect$$libinit$$00000025)
    __rt_lib_init_user_alloc_1               0x0800012f   Thumb Code     0  libinit2.o(.ARM.Collect$$libinit$$0000000C)
    __rt_lib_shutdown                        0x08000131   Thumb Code     0  libshutdown.o(.ARM.Collect$$libshutdown$$00000000)
    __rt_lib_shutdown_cpp_1                  0x08000133   Thumb Code     0  libshutdown2.o(.ARM.Collect$$libshutdown$$00000002)
    __rt_lib_shutdown_fp_trap_1              0x08000133   Thumb Code     0  libshutdown2.o(.ARM.Collect$$libshutdown$$00000007)
    __rt_lib_shutdown_heap_1                 0x08000133   Thumb Code     0  libshutdown2.o(.ARM.Collect$$libshutdown$$0000000F)
    __rt_lib_shutdown_return                 0x08000133   Thumb Code     0  libshutdown2.o(.ARM.Collect$$libshutdown$$00000010)
    __rt_lib_shutdown_signal_1               0x08000133   Thumb Code     0  libshutdown2.o(.ARM.Collect$$libshutdown$$0000000A)
    __rt_lib_shutdown_stdio_1                0x08000133   Thumb Code     0  libshutdown2.o(.ARM.Collect$$libshutdown$$00000004)
    __rt_lib_shutdown_user_alloc_1           0x08000133   Thumb Code     0  libshutdown2.o(.ARM.Collect$$libshutdown$$0000000C)
    __rt_entry                               0x08000135   Thumb Code     0  __rtentry.o(.ARM.Collect$$rtentry$$00000000)
    __rt_entry_presh_1                       0x08000135   Thumb Code     0  __rtentry2.o(.ARM.Collect$$rtentry$$00000002)
    __rt_entry_sh                            0x08000135   Thumb Code     0  __rtentry4.o(.ARM.Collect$$rtentry$$00000004)
    __rt_entry_li                            0x0800013b   Thumb Code     0  __rtentry2.o(.ARM.Collect$$rtentry$$0000000A)
    __rt_entry_postsh_1                      0x0800013b   Thumb Code     0  __rtentry2.o(.ARM.Collect$$rtentry$$00000009)
    __rt_entry_main                          0x0800013f   Thumb Code     0  __rtentry2.o(.ARM.Collect$$rtentry$$0000000D)
    __rt_entry_postli_1                      0x0800013f   Thumb Code     0  __rtentry2.o(.ARM.Collect$$rtentry$$0000000C)
    __rt_exit                                0x08000147   Thumb Code     0  rtexit.o(.ARM.Collect$$rtexit$$00000000)
    __rt_exit_ls                             0x08000149   Thumb Code     0  rtexit2.o(.ARM.Collect$$rtexit$$00000003)
    __rt_exit_prels_1                        0x08000149   Thumb Code     0  rtexit2.o(.ARM.Collect$$rtexit$$00000002)
    __rt_exit_exit                           0x0800014d   Thumb Code     0  rtexit2.o(.ARM.Collect$$rtexit$$00000004)
    main                                     0x08000155   Thumb Code    42  main.o(.text)
    fputc                                    0x08000191   Thumb Code    14  retarget.o(.text)
    fgetc                                    0x0800019f   Thumb Code    16  retarget.o(.text)
    ferror                                   0x080001af   Thumb Code     8  retarget.o(.text)
    _ttywrch                                 0x080001b7   Thumb Code    12  retarget.o(.text)
    _sys_exit                                0x080001c3   Thumb Code     4  retarget.o(.text)
    set_w7500_ip                             0x080001c9   Thumb Code   522  ip_config.o(.text)
    phy_init                                 0x080003d3   Thumb Code    72  ip_config.o(.text)
    delay_init                               0x080004d1   Thumb Code    56  time_delay.o(.text)
    TimingDelay_Decrement                    0x08000509   Thumb Code    18  time_delay.o(.text)
    delay_ms                                 0x0800051b   Thumb Code    20  time_delay.o(.text)
    delay_s                                  0x0800052f   Thumb Code    26  time_delay.o(.text)
    delay_soft_ms                            0x08000549   Thumb Code    28  time_delay.o(.text)
    NMI_Handler                              0x080005d5   Thumb Code     2  w7500x_it.o(.text)
    HardFault_Handler                        0x080005d7   Thumb Code     2  w7500x_it.o(.text)
    SVC_Handler                              0x080005d9   Thumb Code     2  w7500x_it.o(.text)
    PendSV_Handler                           0x080005db   Thumb Code     2  w7500x_it.o(.text)
    SysTick_Handler                          0x080005dd   Thumb Code     8  w7500x_it.o(.text)
    SSP0_Handler                             0x080005e5   Thumb Code     2  w7500x_it.o(.text)
    SSP1_Handler                             0x080005e7   Thumb Code     2  w7500x_it.o(.text)
    UART0_Handler                            0x080005e9   Thumb Code     2  w7500x_it.o(.text)
    UART1_Handler                            0x080005eb   Thumb Code     2  w7500x_it.o(.text)
    UART2_Handler                            0x080005ed   Thumb Code     2  w7500x_it.o(.text)
    I2C0_Handler                             0x080005ef   Thumb Code     2  w7500x_it.o(.text)
    I2C1_Handler                             0x080005f1   Thumb Code     2  w7500x_it.o(.text)
    PORT0_Handler                            0x080005f3   Thumb Code     2  w7500x_it.o(.text)
    PORT1_Handler                            0x080005f5   Thumb Code     2  w7500x_it.o(.text)
    PORT2_Handler                            0x080005f7   Thumb Code     2  w7500x_it.o(.text)
    PORT3_Handler                            0x080005f9   Thumb Code     2  w7500x_it.o(.text)
    DMA_Handler                              0x080005fb   Thumb Code     2  w7500x_it.o(.text)
    DUALTIMER0_Handler                       0x080005fd   Thumb Code     2  w7500x_it.o(.text)
    DUALTIMER1_Handler                       0x080005ff   Thumb Code     2  w7500x_it.o(.text)
    PWM0_Handler                             0x08000601   Thumb Code     2  w7500x_it.o(.text)
    PWM1_Handler                             0x08000603   Thumb Code     2  w7500x_it.o(.text)
    PWM2_Handler                             0x08000605   Thumb Code     2  w7500x_it.o(.text)
    PWM3_Handler                             0x08000607   Thumb Code     2  w7500x_it.o(.text)
    PWM4_Handler                             0x08000609   Thumb Code     2  w7500x_it.o(.text)
    PWM5_Handler                             0x0800060b   Thumb Code     2  w7500x_it.o(.text)
    PWM6_Handler                             0x0800060d   Thumb Code     2  w7500x_it.o(.text)
    PWM7_Handler                             0x0800060f   Thumb Code     2  w7500x_it.o(.text)
    ADC_Handler                              0x08000611   Thumb Code     2  w7500x_it.o(.text)
    WZTOE_Handler                            0x08000613   Thumb Code     2  w7500x_it.o(.text)
    EXTI_Handler                             0x08000615   Thumb Code     2  w7500x_it.o(.text)
    GPIO_DeInit                              0x08000619   Thumb Code    88  w7500x_gpio.o(.text)
    GPIO_Init                                0x08000671   Thumb Code   244  w7500x_gpio.o(.text)
    GPIO_StructInit                          0x08000765   Thumb Code    16  w7500x_gpio.o(.text)
    GPIO_ReadInputDataBit                    0x08000775   Thumb Code    18  w7500x_gpio.o(.text)
    GPIO_ReadInputData                       0x08000787   Thumb Code     8  w7500x_gpio.o(.text)
    GPIO_ReadOutputDataBit                   0x0800078f   Thumb Code    18  w7500x_gpio.o(.text)
    GPIO_ReadOutputData                      0x080007a1   Thumb Code     8  w7500x_gpio.o(.text)
    GPIO_SetBits                             0x080007a9   Thumb Code    22  w7500x_gpio.o(.text)
    GPIO_ResetBits                           0x080007bf   Thumb Code    28  w7500x_gpio.o(.text)
    GPIO_WriteBit                            0x080007db   Thumb Code    24  w7500x_gpio.o(.text)
    GPIO_Write                               0x080007f3   Thumb Code     4  w7500x_gpio.o(.text)
    GPIO_INT_Enable_Bits                     0x080007f7   Thumb Code    26  w7500x_gpio.o(.text)
    GPIO_INT_Enable                          0x08000811   Thumb Code    22  w7500x_gpio.o(.text)
    GPIO_INT_Polarity_Bits                   0x08000827   Thumb Code    20  w7500x_gpio.o(.text)
    GPIO_INT_Polarity                        0x0800083b   Thumb Code    20  w7500x_gpio.o(.text)
    GPIO_INT_Clear                           0x0800084f   Thumb Code     8  w7500x_gpio.o(.text)
    GPIO_Read_INTstatus                      0x08000857   Thumb Code    18  w7500x_gpio.o(.text)
    PAD_AFConfig                             0x08000869   Thumb Code   144  w7500x_gpio.o(.text)
    GPIO_Configuration                       0x080008f9   Thumb Code    90  w7500x_gpio.o(.text)
    GPIO_INT_Configuration                   0x08000953   Thumb Code   128  w7500x_gpio.o(.text)
    UART_StructInit                          0x080009ed   Thumb Code    28  w7500x_uart.o(.text)
    UART_DeInit                              0x08000a09   Thumb Code     2  w7500x_uart.o(.text)
    UART_Init                                0x08000a0b   Thumb Code   206  w7500x_uart.o(.text)
    UART_SendData                            0x08000ad9   Thumb Code     4  w7500x_uart.o(.text)
    UART_ReceiveData                         0x08000add   Thumb Code     8  w7500x_uart.o(.text)
    UART_SendBreak                           0x08000ae5   Thumb Code    10  w7500x_uart.o(.text)
    UART_GetRecvStatus                       0x08000aef   Thumb Code    18  w7500x_uart.o(.text)
    UART_ClearRecvStatus                     0x08000b01   Thumb Code     4  w7500x_uart.o(.text)
    UART_GetFlagStatus                       0x08000b05   Thumb Code    18  w7500x_uart.o(.text)
    UART_ITConfig                            0x08000b17   Thumb Code    18  w7500x_uart.o(.text)
    UART_GetITStatus                         0x08000b29   Thumb Code    18  w7500x_uart.o(.text)
    UART_ClearITPendingBit                   0x08000b3b   Thumb Code     8  w7500x_uart.o(.text)
    S_UART_DeInit                            0x08000b43   Thumb Code     2  w7500x_uart.o(.text)
    S_UART_SetBaud                           0x08000b45   Thumb Code    48  w7500x_uart.o(.text)
    S_UART_Init                              0x08000b75   Thumb Code    30  w7500x_uart.o(.text)
    S_UART_SendData                          0x08000b93   Thumb Code    20  w7500x_uart.o(.text)
    S_UART_ReceiveData                       0x08000ba7   Thumb Code     8  w7500x_uart.o(.text)
    S_UART_GetFlagStatus                     0x08000baf   Thumb Code    20  w7500x_uart.o(.text)
    S_UART_SetCTRL                           0x08000bc3   Thumb Code    26  w7500x_uart.o(.text)
    S_UART_ITConfig                          0x08000bdd   Thumb Code    26  w7500x_uart.o(.text)
    S_UART_GetITStatus                       0x08000bf7   Thumb Code    20  w7500x_uart.o(.text)
    S_UART_ClearITPendingBit                 0x08000c0b   Thumb Code    12  w7500x_uart.o(.text)
    UartPutc                                 0x08000c17   Thumb Code    30  w7500x_uart.o(.text)
    UartPuts                                 0x08000c35   Thumb Code    28  w7500x_uart.o(.text)
    UartGetc                                 0x08000c51   Thumb Code    20  w7500x_uart.o(.text)
    S_UartPutc                               0x08000c65   Thumb Code    14  w7500x_uart.o(.text)
    S_UartPuts                               0x08000c73   Thumb Code    24  w7500x_uart.o(.text)
    S_UartGetc                               0x08000c8b   Thumb Code    24  w7500x_uart.o(.text)
    WIZCHIP_READ                             0x08000cb9   Thumb Code     6  w7500x_wztoe.o(.text)
    WIZCHIP_WRITE                            0x08000cbf   Thumb Code     4  w7500x_wztoe.o(.text)
    WIZCHIP_READ_BUF                         0x08000cc3   Thumb Code    28  w7500x_wztoe.o(.text)
    WIZCHIP_WRITE_BUF                        0x08000cdf   Thumb Code    28  w7500x_wztoe.o(.text)
    wiz_send_data                            0x08000cfb   Thumb Code    74  w7500x_wztoe.o(.text)
    wiz_recv_data                            0x08000d45   Thumb Code    78  w7500x_wztoe.o(.text)
    wiz_recv_ignore                          0x08000d93   Thumb Code    60  w7500x_wztoe.o(.text)
    SystemCoreClockUpdate                    0x08000ddd   Thumb Code     2  system_w7500x.o(.text)
    GetSystemClock                           0x08000ddf   Thumb Code     6  system_w7500x.o(.text)
    SystemInit                               0x08000de5   Thumb Code    86  system_w7500x.o(.text)
    Reset_Handler                            0x08000e51   Thumb Code     8  startup_w7500x.o(.text)
    RTC_Handler                              0x08000e63   Thumb Code     0  startup_w7500x.o(.text)
    __user_initial_stackheap                 0x08000e65   Thumb Code    10  startup_w7500x.o(.text)
    close                                    0x08000e89   Thumb Code   124  socket.o(.text)
    socket                                   0x08000f05   Thumb Code   298  socket.o(.text)
    listen                                   0x0800102f   Thumb Code   172  socket.o(.text)
    connect                                  0x080010db   Thumb Code   342  socket.o(.text)
    disconnect                               0x08001231   Thumb Code   206  socket.o(.text)
    send                                     0x080012ff   Thumb Code   380  socket.o(.text)
    recv                                     0x0800147b   Thumb Code   298  socket.o(.text)
    sendto                                   0x080015a5   Thumb Code   516  socket.o(.text)
    recvfrom                                 0x080017a9   Thumb Code   610  socket.o(.text)
    ctlsocket                                0x08001a0b   Thumb Code   314  socket.o(.text)
    setsockopt                               0x08001b45   Thumb Code   326  socket.o(.text)
    getsockopt                               0x08001c8b   Thumb Code   426  socket.o(.text)
    idle_MDIO                                0x08001e49   Thumb Code    42  w7500x_miim.o(.text)
    input_MDIO                               0x08001e73   Thumb Code    66  w7500x_miim.o(.text)
    turnaround_MDIO                          0x08001eb5   Thumb Code    50  w7500x_miim.o(.text)
    output_MDIO                              0x08001ee7   Thumb Code    86  w7500x_miim.o(.text)
    mdio_read                                0x08001f3d   Thumb Code    74  w7500x_miim.o(.text)
    link                                     0x08001f87   Thumb Code    22  w7500x_miim.o(.text)
    mdio_write                               0x08001f9d   Thumb Code    80  w7500x_miim.o(.text)
    set_link                                 0x08001fed   Thumb Code    36  w7500x_miim.o(.text)
    phy_id                                   0x08002011   Thumb Code   120  w7500x_miim.o(.text)
    mdio_init                                0x08002089   Thumb Code    58  w7500x_miim.o(.text)
    calc_date_time                           0x080020e1   Thumb Code   642  ntp.o(.text)
    get_seconds_from_ntp_server              0x08002363   Thumb Code   638  ntp.o(.text)
    ntpclient_init                           0x080025e1   Thumb Code   110  ntp.o(.text)
    do_ntp_client                            0x0800264f   Thumb Code   336  ntp.o(.text)
    change_datetime_to_seconds               0x0800279f   Thumb Code   308  ntp.o(.text)
    __I$use$semihosting                      0x08002949   Thumb Code     0  use_no_semi.o(.text)
    __use_no_semihosting_swi                 0x08002949   Thumb Code     2  use_no_semi.o(.text)
    __aeabi_uldivmod                         0x0800294b   Thumb Code     0  lludivv7m.o(.text)
    _ll_udiv                                 0x0800294b   Thumb Code   238  lludivv7m.o(.text)
    __2printf                                0x08002a39   Thumb Code    20  noretval__2printf.o(.text)
    _printf_pre_padding                      0x08002a51   Thumb Code    44  _printf_pad.o(.text)
    _printf_post_padding                     0x08002a7d   Thumb Code    34  _printf_pad.o(.text)
    _printf_int_dec                          0x08002aa1   Thumb Code   104  _printf_dec.o(.text)
    _printf_int_hex                          0x08002b19   Thumb Code    84  _printf_hex_int.o(.text)
    _printf_longlong_hex                     0x08002b19   Thumb Code     0  _printf_hex_int.o(.text)
    __printf                                 0x08002b71   Thumb Code   308  __printf_flags_wp.o(.text)
    __use_two_region_memory                  0x08002ca9   Thumb Code     2  heapauxi.o(.text)
    __rt_heap_escrow$2region                 0x08002cab   Thumb Code     2  heapauxi.o(.text)
    __rt_heap_expand$2region                 0x08002cad   Thumb Code     2  heapauxi.o(.text)
    _printf_int_common                       0x08002caf   Thumb Code   178  _printf_intcommon.o(.text)
    _printf_char_file                        0x08002d61   Thumb Code    32  _printf_char_file.o(.text)
    _printf_char_common                      0x08002d8f   Thumb Code    32  _printf_char_common.o(.text)
    __user_setup_stackheap                   0x08002db5   Thumb Code    74  sys_stackheap_outer.o(.text)
    exit                                     0x08002dff   Thumb Code    18  exit.o(.text)
    __user_libspace                          0x08002e11   Thumb Code     8  libspace.o(.text)
    __user_perproc_libspace                  0x08002e11   Thumb Code     0  libspace.o(.text)
    __user_perthread_libspace                0x08002e11   Thumb Code     0  libspace.o(.text)
    _is_digit                                0x08002e19   Thumb Code    14  __printf_wp.o(i._is_digit)
    __aeabi_dadd                             0x08002e29   Thumb Code     0  daddsub_clz.o(x$fpl$dadd)
    _dadd                                    0x08002e29   Thumb Code   332  daddsub_clz.o(x$fpl$dadd)
    __aeabi_d2uiz                            0x08002f79   Thumb Code     0  dfixu.o(x$fpl$dfixu)
    _dfixu                                   0x08002f79   Thumb Code    90  dfixu.o(x$fpl$dfixu)
    __fpl_dnaninf                            0x08002fd3   Thumb Code   156  dnaninf.o(x$fpl$dnaninf)
    __fpl_dretinf                            0x0800306f   Thumb Code    12  dretinf.o(x$fpl$dretinf)
    __aeabi_dsub                             0x0800307d   Thumb Code     0  daddsub_clz.o(x$fpl$dsub)
    _dsub                                    0x0800307d   Thumb Code   464  daddsub_clz.o(x$fpl$dsub)
    __aeabi_f2d                              0x08003251   Thumb Code     0  f2d.o(x$fpl$f2d)
    _f2d                                     0x08003251   Thumb Code    86  f2d.o(x$fpl$f2d)
    __aeabi_fadd                             0x080032a9   Thumb Code     0  faddsub_clz.o(x$fpl$fadd)
    _fadd                                    0x080032a9   Thumb Code   196  faddsub_clz.o(x$fpl$fadd)
    __aeabi_fdiv                             0x0800336d   Thumb Code     0  fdiv.o(x$fpl$fdiv)
    _fdiv                                    0x0800336d   Thumb Code   384  fdiv.o(x$fpl$fdiv)
    __aeabi_f2uiz                            0x080034f1   Thumb Code     0  ffixu.o(x$fpl$ffixu)
    _ffixu                                   0x080034f1   Thumb Code    62  ffixu.o(x$fpl$ffixu)
    __aeabi_ui2f                             0x08003531   Thumb Code     0  fflt_clz.o(x$fpl$ffltu)
    _ffltu                                   0x08003531   Thumb Code    38  fflt_clz.o(x$fpl$ffltu)
    __aeabi_fmul                             0x08003559   Thumb Code     0  fmul.o(x$fpl$fmul)
    _fmul                                    0x08003559   Thumb Code   258  fmul.o(x$fpl$fmul)
    __fpl_fnaninf                            0x0800365b   Thumb Code   140  fnaninf.o(x$fpl$fnaninf)
    __fpl_fretinf                            0x080036e7   Thumb Code    10  fretinf.o(x$fpl$fretinf)
    __aeabi_frsub                            0x080036f1   Thumb Code     0  faddsub_clz.o(x$fpl$frsb)
    _frsb                                    0x080036f1   Thumb Code    20  faddsub_clz.o(x$fpl$frsb)
    __aeabi_fsub                             0x08003705   Thumb Code     0  faddsub_clz.o(x$fpl$fsub)
    _fsub                                    0x08003705   Thumb Code   234  faddsub_clz.o(x$fpl$fsub)
    __I$use$fp                               0x080037ee   Number         0  usenofp.o(x$fpl$usenofp)
    Region$$Table$$Base                      0x08003828   Number         0  anon$$obj.o(Region$$Table)
    Region$$Table$$Limit                     0x08003848   Number         0  anon$$obj.o(Region$$Table)
    __stdout                                 0x20000000   Data           4  retarget.o(.data)
    __stdin                                  0x20000004   Data           4  retarget.o(.data)
    mac                                      0x20000008   Data           6  ip_config.o(.data)
    lip                                      0x2000000e   Data           4  ip_config.o(.data)
    gw                                       0x20000012   Data           4  ip_config.o(.data)
    sub                                      0x20000016   Data           4  ip_config.o(.data)
    dns_server                               0x2000001a   Data           4  ip_config.o(.data)
    local_port                               0x2000001e   Data           2  ip_config.o(.data)
    remote_ip                                0x20000020   Data           4  ip_config.o(.data)
    remote_port                              0x20000024   Data           2  ip_config.o(.data)
    TimingDelay                              0x20000028   Data           4  time_delay.o(.data)
    SystemFrequency                          0x2000002c   Data           4  system_w7500x.o(.data)
    SystemCoreClock                          0x20000030   Data           4  system_w7500x.o(.data)
    PHY_ADDR_IP101G                          0x20000044   Data           4  w7500x_miim.o(.data)
    PHY_ADDR                                 0x20000048   Data           4  w7500x_miim.o(.data)
    Nowdatetime                              0x20000050   Data           8  ntp.o(.data)
    Total_Seconds                            0x20000058   Data           8  ntp.o(.data)
    Time_Zone                                0x20000060   Data           1  ntp.o(.data)
    NTP_Server_IP                            0x20000061   Data           4  ntp.o(.data)
    NTP_Port                                 0x20000065   Data           1  ntp.o(.data)
    NTP_Timeouttimer_Start                   0x20000066   Data           1  ntp.o(.data)
    ntptimer                                 0x20000067   Data           1  ntp.o(.data)
    NTP_Retry_Cnt                            0x20000068   Data           1  ntp.o(.data)
    ConfigMsg                                0x20000080   Data          42  ntp.o(.bss)
    RecvMsg                                  0x200000aa   Data          42  ntp.o(.bss)
    NTPformat                                0x200000d8   Data          56  ntp.o(.bss)
    NTP_Message                              0x20000110   Data          48  ntp.o(.bss)
    BUFPUB                                   0x20000140   Data        2048  ntp.o(.bss)
    __libspace_start                         0x20000940   Data          96  libspace.o(.bss)
    __temporary_stack_top$libspace           0x200009a0   Data           0  libspace.o(.bss)



==============================================================================

Memory Map of the image

  Image Entry point : 0x080000a9

  Load Region LR_IROM1 (Base: 0x08000000, Size: 0x000038b4, Max: 0x00020000, ABSOLUTE)

    Execution Region ER_IROM1 (Exec base: 0x08000000, Load base: 0x08000000, Size: 0x00003848, Max: 0x00020000, ABSOLUTE)

    Exec Addr    Load Addr    Size         Type   Attr      Idx    E Section Name        Object

    0x08000000   0x08000000   0x000000a8   Data   RO          355    RESET               startup_w7500x.o
    0x080000a8   0x080000a8   0x00000008   Code   RO          532  * !!!main             c_w.l(__main.o)
    0x080000b0   0x080000b0   0x00000034   Code   RO          745    !!!scatter          c_w.l(__scatter.o)
    0x080000e4   0x080000e4   0x0000001a   Code   RO          747    !!handler_copy      c_w.l(__scatter_copy.o)
    0x080000fe   0x080000fe   0x00000002   PAD
    0x08000100   0x08000100   0x0000001c   Code   RO          749    !!handler_zi        c_w.l(__scatter_zi.o)
    0x0800011c   0x0800011c   0x00000000   Code   RO          529    .ARM.Collect$$_printf_percent$$00000000  c_w.l(_printf_percent.o)
    0x0800011c   0x0800011c   0x00000006   Code   RO          528    .ARM.Collect$$_printf_percent$$00000009  c_w.l(_printf_d.o)
    0x08000122   0x08000122   0x00000006   Code   RO          527    .ARM.Collect$$_printf_percent$$0000000C  c_w.l(_printf_x.o)
    0x08000128   0x08000128   0x00000004   Code   RO          577    .ARM.Collect$$_printf_percent$$00000017  c_w.l(_printf_percent_end.o)
    0x0800012c   0x0800012c   0x00000002   Code   RO          621    .ARM.Collect$$libinit$$00000000  c_w.l(libinit.o)
    0x0800012e   0x0800012e   0x00000000   Code   RO          634    .ARM.Collect$$libinit$$00000002  c_w.l(libinit2.o)
    0x0800012e   0x0800012e   0x00000000   Code   RO          636    .ARM.Collect$$libinit$$00000004  c_w.l(libinit2.o)
    0x0800012e   0x0800012e   0x00000000   Code   RO          639    .ARM.Collect$$libinit$$0000000A  c_w.l(libinit2.o)
    0x0800012e   0x0800012e   0x00000000   Code   RO          641    .ARM.Collect$$libinit$$0000000C  c_w.l(libinit2.o)
    0x0800012e   0x0800012e   0x00000000   Code   RO          643    .ARM.Collect$$libinit$$0000000E  c_w.l(libinit2.o)
    0x0800012e   0x0800012e   0x00000000   Code   RO          646    .ARM.Collect$$libinit$$00000011  c_w.l(libinit2.o)
    0x0800012e   0x0800012e   0x00000000   Code   RO          648    .ARM.Collect$$libinit$$00000013  c_w.l(libinit2.o)
    0x0800012e   0x0800012e   0x00000000   Code   RO          650    .ARM.Collect$$libinit$$00000015  c_w.l(libinit2.o)
    0x0800012e   0x0800012e   0x00000000   Code   RO          652    .ARM.Collect$$libinit$$00000017  c_w.l(libinit2.o)
    0x0800012e   0x0800012e   0x00000000   Code   RO          654    .ARM.Collect$$libinit$$00000019  c_w.l(libinit2.o)
    0x0800012e   0x0800012e   0x00000000   Code   RO          656    .ARM.Collect$$libinit$$0000001B  c_w.l(libinit2.o)
    0x0800012e   0x0800012e   0x00000000   Code   RO          658    .ARM.Collect$$libinit$$0000001D  c_w.l(libinit2.o)
    0x0800012e   0x0800012e   0x00000000   Code   RO          660    .ARM.Collect$$libinit$$0000001F  c_w.l(libinit2.o)
    0x0800012e   0x0800012e   0x00000000   Code   RO          662    .ARM.Collect$$libinit$$00000021  c_w.l(libinit2.o)
    0x0800012e   0x0800012e   0x00000000   Code   RO          664    .ARM.Collect$$libinit$$00000023  c_w.l(libinit2.o)
    0x0800012e   0x0800012e   0x00000000   Code   RO          666    .ARM.Collect$$libinit$$00000025  c_w.l(libinit2.o)
    0x0800012e   0x0800012e   0x00000000   Code   RO          670    .ARM.Collect$$libinit$$0000002C  c_w.l(libinit2.o)
    0x0800012e   0x0800012e   0x00000000   Code   RO          672    .ARM.Collect$$libinit$$0000002E  c_w.l(libinit2.o)
    0x0800012e   0x0800012e   0x00000000   Code   RO          674    .ARM.Collect$$libinit$$00000030  c_w.l(libinit2.o)
    0x0800012e   0x0800012e   0x00000000   Code   RO          676    .ARM.Collect$$libinit$$00000032  c_w.l(libinit2.o)
    0x0800012e   0x0800012e   0x00000002   Code   RO          677    .ARM.Collect$$libinit$$00000033  c_w.l(libinit2.o)
    0x08000130   0x08000130   0x00000002   Code   RO          701    .ARM.Collect$$libshutdown$$00000000  c_w.l(libshutdown.o)
    0x08000132   0x08000132   0x00000000   Code   RO          727    .ARM.Collect$$libshutdown$$00000002  c_w.l(libshutdown2.o)
    0x08000132   0x08000132   0x00000000   Code   RO          729    .ARM.Collect$$libshutdown$$00000004  c_w.l(libshutdown2.o)
    0x08000132   0x08000132   0x00000000   Code   RO          732    .ARM.Collect$$libshutdown$$00000007  c_w.l(libshutdown2.o)
    0x08000132   0x08000132   0x00000000   Code   RO          735    .ARM.Collect$$libshutdown$$0000000A  c_w.l(libshutdown2.o)
    0x08000132   0x08000132   0x00000000   Code   RO          737    .ARM.Collect$$libshutdown$$0000000C  c_w.l(libshutdown2.o)
    0x08000132   0x08000132   0x00000000   Code   RO          740    .ARM.Collect$$libshutdown$$0000000F  c_w.l(libshutdown2.o)
    0x08000132   0x08000132   0x00000002   Code   RO          741    .ARM.Collect$$libshutdown$$00000010  c_w.l(libshutdown2.o)
    0x08000134   0x08000134   0x00000000   Code   RO          568    .ARM.Collect$$rtentry$$00000000  c_w.l(__rtentry.o)
    0x08000134   0x08000134   0x00000000   Code   RO          588    .ARM.Collect$$rtentry$$00000002  c_w.l(__rtentry2.o)
    0x08000134   0x08000134   0x00000006   Code   RO          600    .ARM.Collect$$rtentry$$00000004  c_w.l(__rtentry4.o)
    0x0800013a   0x0800013a   0x00000000   Code   RO          590    .ARM.Collect$$rtentry$$00000009  c_w.l(__rtentry2.o)
    0x0800013a   0x0800013a   0x00000004   Code   RO          591    .ARM.Collect$$rtentry$$0000000A  c_w.l(__rtentry2.o)
    0x0800013e   0x0800013e   0x00000000   Code   RO          593    .ARM.Collect$$rtentry$$0000000C  c_w.l(__rtentry2.o)
    0x0800013e   0x0800013e   0x00000008   Code   RO          594    .ARM.Collect$$rtentry$$0000000D  c_w.l(__rtentry2.o)
    0x08000146   0x08000146   0x00000002   Code   RO          625    .ARM.Collect$$rtexit$$00000000  c_w.l(rtexit.o)
    0x08000148   0x08000148   0x00000000   Code   RO          679    .ARM.Collect$$rtexit$$00000002  c_w.l(rtexit2.o)
    0x08000148   0x08000148   0x00000004   Code   RO          680    .ARM.Collect$$rtexit$$00000003  c_w.l(rtexit2.o)
    0x0800014c   0x0800014c   0x00000006   Code   RO          681    .ARM.Collect$$rtexit$$00000004  c_w.l(rtexit2.o)
    0x08000152   0x08000152   0x00000002   PAD
    0x08000154   0x08000154   0x0000003c   Code   RO            3    .text               main.o
    0x08000190   0x08000190   0x00000036   Code   RO          117    .text               retarget.o
    0x080001c6   0x080001c6   0x00000002   PAD
    0x080001c8   0x080001c8   0x00000308   Code   RO          173    .text               ip_config.o
    0x080004d0   0x080004d0   0x00000104   Code   RO          200    .text               time_delay.o
    0x080005d4   0x080005d4   0x00000042   Code   RO          226    .text               w7500x_it.o
    0x08000616   0x08000616   0x00000002   PAD
    0x08000618   0x08000618   0x000003d4   Code   RO          266    .text               w7500x_gpio.o
    0x080009ec   0x080009ec   0x000002cc   Code   RO          289    .text               w7500x_uart.o
    0x08000cb8   0x08000cb8   0x00000124   Code   RO          309    .text               w7500x_wztoe.o
    0x08000ddc   0x08000ddc   0x00000074   Code   RO          329    .text               system_w7500x.o
    0x08000e50   0x08000e50   0x00000038   Code   RO          356    .text               startup_w7500x.o
    0x08000e88   0x08000e88   0x00000fc0   Code   RO          362    .text               socket.o
    0x08001e48   0x08001e48   0x00000298   Code   RO          418    .text               w7500x_miim.o
    0x080020e0   0x080020e0   0x00000868   Code   RO          441    .text               ntp.o
    0x08002948   0x08002948   0x00000002   Code   RO          472    .text               c_w.l(use_no_semi.o)
    0x0800294a   0x0800294a   0x000000ee   Code   RO          474    .text               c_w.l(lludivv7m.o)
    0x08002a38   0x08002a38   0x00000018   Code   RO          478    .text               c_w.l(noretval__2printf.o)
    0x08002a50   0x08002a50   0x0000004e   Code   RO          482    .text               c_w.l(_printf_pad.o)
    0x08002a9e   0x08002a9e   0x00000002   PAD
    0x08002aa0   0x08002aa0   0x00000078   Code   RO          484    .text               c_w.l(_printf_dec.o)
    0x08002b18   0x08002b18   0x00000058   Code   RO          489    .text               c_w.l(_printf_hex_int.o)
    0x08002b70   0x08002b70   0x00000138   Code   RO          519    .text               c_w.l(__printf_flags_wp.o)
    0x08002ca8   0x08002ca8   0x00000006   Code   RO          530    .text               c_w.l(heapauxi.o)
    0x08002cae   0x08002cae   0x000000b2   Code   RO          573    .text               c_w.l(_printf_intcommon.o)
    0x08002d60   0x08002d60   0x00000024   Code   RO          575    .text               c_w.l(_printf_char_file.o)
    0x08002d84   0x08002d84   0x00000030   Code   RO          604    .text               c_w.l(_printf_char_common.o)
    0x08002db4   0x08002db4   0x0000004a   Code   RO          606    .text               c_w.l(sys_stackheap_outer.o)
    0x08002dfe   0x08002dfe   0x00000012   Code   RO          610    .text               c_w.l(exit.o)
    0x08002e10   0x08002e10   0x00000008   Code   RO          622    .text               c_w.l(libspace.o)
    0x08002e18   0x08002e18   0x0000000e   Code   RO          517    i._is_digit         c_w.l(__printf_wp.o)
    0x08002e26   0x08002e26   0x00000002   PAD
    0x08002e28   0x08002e28   0x00000150   Code   RO          534    x$fpl$dadd          fz_ws.l(daddsub_clz.o)
    0x08002f78   0x08002f78   0x0000005a   Code   RO          540    x$fpl$dfixu         fz_ws.l(dfixu.o)
    0x08002fd2   0x08002fd2   0x0000009c   Code   RO          578    x$fpl$dnaninf       fz_ws.l(dnaninf.o)
    0x0800306e   0x0800306e   0x0000000c   Code   RO          580    x$fpl$dretinf       fz_ws.l(dretinf.o)
    0x0800307a   0x0800307a   0x00000002   PAD
    0x0800307c   0x0800307c   0x000001d4   Code   RO          536    x$fpl$dsub          fz_ws.l(daddsub_clz.o)
    0x08003250   0x08003250   0x00000056   Code   RO          544    x$fpl$f2d           fz_ws.l(f2d.o)
    0x080032a6   0x080032a6   0x00000002   PAD
    0x080032a8   0x080032a8   0x000000c4   Code   RO          546    x$fpl$fadd          fz_ws.l(faddsub_clz.o)
    0x0800336c   0x0800336c   0x00000184   Code   RO          553    x$fpl$fdiv          fz_ws.l(fdiv.o)
    0x080034f0   0x080034f0   0x0000003e   Code   RO          556    x$fpl$ffixu         fz_ws.l(ffixu.o)
    0x0800352e   0x0800352e   0x00000002   PAD
    0x08003530   0x08003530   0x00000026   Code   RO          560    x$fpl$ffltu         fz_ws.l(fflt_clz.o)
    0x08003556   0x08003556   0x00000002   PAD
    0x08003558   0x08003558   0x00000102   Code   RO          566    x$fpl$fmul          fz_ws.l(fmul.o)
    0x0800365a   0x0800365a   0x0000008c   Code   RO          582    x$fpl$fnaninf       fz_ws.l(fnaninf.o)
    0x080036e6   0x080036e6   0x0000000a   Code   RO          584    x$fpl$fretinf       fz_ws.l(fretinf.o)
    0x080036f0   0x080036f0   0x00000014   Code   RO          547    x$fpl$frsb          fz_ws.l(faddsub_clz.o)
    0x08003704   0x08003704   0x000000ea   Code   RO          548    x$fpl$fsub          fz_ws.l(faddsub_clz.o)
    0x080037ee   0x080037ee   0x00000000   Code   RO          586    x$fpl$usenofp       fz_ws.l(usenofp.o)
    0x080037ee   0x080037ee   0x00000028   Data   RO          490    .constdata          c_w.l(_printf_hex_int.o)
    0x08003816   0x08003816   0x00000011   Data   RO          520    .constdata          c_w.l(__printf_flags_wp.o)
    0x08003827   0x08003827   0x00000001   PAD
    0x08003828   0x08003828   0x00000020   Data   RO          743    Region$$Table       anon$$obj.o


    Execution Region RW_IRAM1 (Exec base: 0x20000000, Load base: 0x08003848, Size: 0x000011a0, Max: 0x00005000, ABSOLUTE)

    Exec Addr    Load Addr    Size         Type   Attr      Idx    E Section Name        Object

    0x20000000   0x08003848   0x00000008   Data   RW          118    .data               retarget.o
    0x20000008   0x08003850   0x0000001e   Data   RW          174    .data               ip_config.o
    0x20000026   0x0800386e   0x00000002   PAD
    0x20000028   0x08003870   0x00000004   Data   RW          201    .data               time_delay.o
    0x2000002c   0x08003874   0x00000008   Data   RW          330    .data               system_w7500x.o
    0x20000034   0x0800387c   0x0000000e   Data   RW          364    .data               socket.o
    0x20000042   0x0800388a   0x00000002   PAD
    0x20000044   0x0800388c   0x00000008   Data   RW          419    .data               w7500x_miim.o
    0x2000004c   0x08003894   0x00000004   PAD
    0x20000050   0x08003898   0x00000019   Data   RW          443    .data               ntp.o
    0x20000069   0x080038b1   0x00000003   PAD
    0x2000006c        -       0x00000010   Zero   RW          363    .bss                socket.o
    0x2000007c   0x080038b1   0x00000004   PAD
    0x20000080        -       0x000008c0   Zero   RW          442    .bss                ntp.o
    0x20000940        -       0x00000060   Zero   RW          623    .bss                c_w.l(libspace.o)
    0x200009a0        -       0x00000400   Zero   RW          354    HEAP                startup_w7500x.o
    0x20000da0        -       0x00000400   Zero   RW          353    STACK               startup_w7500x.o


==============================================================================

Image component sizes


      Code (inc. data)   RO Data    RW Data    ZI Data      Debug   Object Name

       776        182          0         30          0       1513   ip_config.o
        60         18          0          0          0      34335   main.o
      2152        188          0         25       2240       4958   ntp.o
        54          0          0          8          0       3134   retarget.o
      4032        118          0         14         16       7231   socket.o
        56         26        168          0       2048        744   startup_w7500x.o
       116         22          0          8          0       1244   system_w7500x.o
       260         14          0          4          0       7652   time_delay.o
       980         12          0          0          0      11757   w7500x_gpio.o
        66          0          0          0          0       3142   w7500x_it.o
       664         30          0          8          0       3530   w7500x_miim.o
       716         22          0          0          0       6579   w7500x_uart.o
       292         14          0          0          0       2888   w7500x_wztoe.o

    ----------------------------------------------------------------------
     10228        646        200        108       4308      88707   Object Totals
         0          0         32          0          0          0   (incl. Generated)
         4          0          0         11          4          0   (incl. Padding)

    ----------------------------------------------------------------------

      Code (inc. data)   RO Data    RW Data    ZI Data      Debug   Library Member Name

         8          0          0          0          0         68   __main.o
       312          4         17          0          0         92   __printf_flags_wp.o
        14          0          0          0          0         68   __printf_wp.o
         0          0          0          0          0          0   __rtentry.o
        12          0          0          0          0          0   __rtentry2.o
         6          0          0          0          0          0   __rtentry4.o
        52          8          0          0          0          0   __scatter.o
        26          0          0          0          0          0   __scatter_copy.o
        28          0          0          0          0          0   __scatter_zi.o
        48          6          0          0          0         96   _printf_char_common.o
        36          4          0          0          0         80   _printf_char_file.o
         6          0          0          0          0          0   _printf_d.o
       120         16          0          0          0         92   _printf_dec.o
        88          4         40          0          0         88   _printf_hex_int.o
       178          0          0          0          0         88   _printf_intcommon.o
        78          0          0          0          0        108   _printf_pad.o
         0          0          0          0          0          0   _printf_percent.o
         4          0          0          0          0          0   _printf_percent_end.o
         6          0          0          0          0          0   _printf_x.o
        18          0          0          0          0         80   exit.o
         6          0          0          0          0        152   heapauxi.o
         2          0          0          0          0          0   libinit.o
         2          0          0          0          0          0   libinit2.o
         2          0          0          0          0          0   libshutdown.o
         2          0          0          0          0          0   libshutdown2.o
         8          4          0          0         96         68   libspace.o
       238          0          0          0          0        100   lludivv7m.o
        24          4          0          0          0         84   noretval__2printf.o
         2          0          0          0          0          0   rtexit.o
        10          0          0          0          0          0   rtexit2.o
        74          0          0          0          0         80   sys_stackheap_outer.o
         2          0          0          0          0         68   use_no_semi.o
       804         16          0          0          0        272   daddsub_clz.o
        90          4          0          0          0         92   dfixu.o
       156          4          0          0          0         92   dnaninf.o
        12          0          0          0          0         68   dretinf.o
        86          4          0          0          0         84   f2d.o
       450          8          0          0          0        236   faddsub_clz.o
       388         76          0          0          0         96   fdiv.o
        62          4          0          0          0         84   ffixu.o
        38          0          0          0          0         68   fflt_clz.o
       258          4          0          0          0         84   fmul.o
       140          4          0          0          0         84   fnaninf.o
        10          0          0          0          0         68   fretinf.o
         0          0          0          0          0          0   usenofp.o

    ----------------------------------------------------------------------
      3922        174         58          0         96       2740   Library Totals
        16          0          1          0          0          0   (incl. Padding)

    ----------------------------------------------------------------------

      Code (inc. data)   RO Data    RW Data    ZI Data      Debug   Library Name

      1412         50         57          0         96       1412   c_w.l
      2494        124          0          0          0       1328   fz_ws.l

    ----------------------------------------------------------------------
      3922        174         58          0         96       2740   Library Totals

    ----------------------------------------------------------------------

==============================================================================


      Code (inc. data)   RO Data    RW Data    ZI Data      Debug   

     14150        820        258        108       4404      88947   Grand Totals
     14150        820        258        108       4404      88947   ELF Image Totals
     14150        820        258        108          0          0   ROM Totals

==============================================================================

    Total RO  Size (Code + RO Data)                14408 (  14.07kB)
    Total RW  Size (RW Data + ZI Data)              4512 (   4.41kB)
    Total ROM Size (Code + RO Data + RW Data)      14516 (  14.18kB)

==============================================================================

